Component: ARM Compiler 5.06 update 7 (build 960) Tool: armlink [4d3601]

==============================================================================

Section Cross References

    startup_stm32f407xx.o(STACK) refers (Special) to heapauxi.o(.text) for __use_two_region_memory
    startup_stm32f407xx.o(HEAP) refers (Special) to heapauxi.o(.text) for __use_two_region_memory
    startup_stm32f407xx.o(RESET) refers (Special) to heapauxi.o(.text) for __use_two_region_memory
    startup_stm32f407xx.o(RESET) refers to startup_stm32f407xx.o(STACK) for __initial_sp
    startup_stm32f407xx.o(RESET) refers to startup_stm32f407xx.o(.text) for Reset_Handler
    startup_stm32f407xx.o(RESET) refers to stm32f4xx_it.o(i.NMI_Handler) for NMI_Handler
    startup_stm32f407xx.o(RESET) refers to stm32f4xx_it.o(i.HardFault_Handler) for HardFault_Handler
    startup_stm32f407xx.o(RESET) refers to stm32f4xx_it.o(i.MemManage_Handler) for MemManage_Handler
    startup_stm32f407xx.o(RESET) refers to stm32f4xx_it.o(i.BusFault_Handler) for BusFault_Handler
    startup_stm32f407xx.o(RESET) refers to stm32f4xx_it.o(i.UsageFault_Handler) for UsageFault_Handler
    startup_stm32f407xx.o(RESET) refers to stm32f4xx_it.o(i.SVC_Handler) for SVC_Handler
    startup_stm32f407xx.o(RESET) refers to stm32f4xx_it.o(i.DebugMon_Handler) for DebugMon_Handler
    startup_stm32f407xx.o(RESET) refers to stm32f4xx_it.o(i.PendSV_Handler) for PendSV_Handler
    startup_stm32f407xx.o(RESET) refers to stm32f4xx_it.o(i.SysTick_Handler) for SysTick_Handler
    startup_stm32f407xx.o(RESET) refers to rtc.o(i.RTC_WKUP_IRQHandler) for RTC_WKUP_IRQHandler
    startup_stm32f407xx.o(RESET) refers to usmart_port.o(i.TIM4_IRQHandler) for TIM4_IRQHandler
    startup_stm32f407xx.o(RESET) refers to usart.o(i.USART1_IRQHandler) for USART1_IRQHandler
    startup_stm32f407xx.o(RESET) refers to rtc.o(i.RTC_Alarm_IRQHandler) for RTC_Alarm_IRQHandler
    startup_stm32f407xx.o(.text) refers (Special) to heapauxi.o(.text) for __use_two_region_memory
    startup_stm32f407xx.o(.text) refers to system_stm32f4xx.o(i.SystemInit) for SystemInit
    startup_stm32f407xx.o(.text) refers to __main.o(!!!main) for __main
    startup_stm32f407xx.o(.text) refers to startup_stm32f407xx.o(HEAP) for Heap_Mem
    startup_stm32f407xx.o(.text) refers to startup_stm32f407xx.o(STACK) for Stack_Mem
    main.o(i.main) refers to _printf_pad.o(.text) for _printf_pre_padding
    main.o(i.main) refers to _printf_percent.o(.ARM.Collect$$_printf_percent$$00000000) for _printf_percent
    main.o(i.main) refers to _printf_d.o(.ARM.Collect$$_printf_percent$$00000009) for _printf_d
    main.o(i.main) refers to _printf_dec.o(.text) for _printf_int_dec
    main.o(i.main) refers to stm32f4xx_hal.o(i.HAL_Init) for HAL_Init
    main.o(i.main) refers to sys.o(i.sys_stm32_clock_init) for sys_stm32_clock_init
    main.o(i.main) refers to delay.o(i.delay_init) for delay_init
    main.o(i.main) refers to usart.o(i.usart_init) for usart_init
    main.o(i.main) refers to led.o(i.led_init) for led_init
    main.o(i.main) refers to lcd.o(i.lcd_init) for lcd_init
    main.o(i.main) refers to rtc.o(i.rtc_init) for rtc_init
    main.o(i.main) refers to rtc.o(i.rtc_set_wakeup) for rtc_set_wakeup
    main.o(i.main) refers to lcd.o(i.lcd_show_string) for lcd_show_string
    main.o(i.main) refers to rtc.o(i.rtc_get_time) for rtc_get_time
    main.o(i.main) refers to noretval__2sprintf.o(.text) for __2sprintf
    main.o(i.main) refers to rtc.o(i.rtc_get_date) for rtc_get_date
    main.o(i.main) refers to stm32f4xx_hal_gpio.o(i.HAL_GPIO_TogglePin) for HAL_GPIO_TogglePin
    main.o(i.main) refers to delay.o(i.delay_ms) for delay_ms
    main.o(i.main) refers to usmart_config.o(.data) for usmart_dev
    stm32f4xx_it.o(i.SysTick_Handler) refers to stm32f4xx_hal.o(i.HAL_IncTick) for HAL_IncTick
    system_stm32f4xx.o(i.SystemCoreClockUpdate) refers to system_stm32f4xx.o(.data) for SystemCoreClock
    system_stm32f4xx.o(i.SystemCoreClockUpdate) refers to system_stm32f4xx.o(.constdata) for AHBPrescTable
    delay.o(i.HAL_Delay) refers to delay.o(i.delay_ms) for delay_ms
    delay.o(i.delay_init) refers to delay.o(.data) for g_fac_us
    delay.o(i.delay_ms) refers to delay.o(i.delay_us) for delay_us
    delay.o(i.delay_us) refers to delay.o(.data) for g_fac_us
    sys.o(i.sys_stm32_clock_init) refers to rt_memclr_w.o(.text) for __aeabi_memclr4
    sys.o(i.sys_stm32_clock_init) refers to stm32f4xx_hal_rcc.o(i.HAL_RCC_OscConfig) for HAL_RCC_OscConfig
    sys.o(i.sys_stm32_clock_init) refers to stm32f4xx_hal_rcc.o(i.HAL_RCC_ClockConfig) for HAL_RCC_ClockConfig
    sys.o(i.sys_stm32_clock_init) refers to stm32f4xx_hal.o(i.HAL_GetREVID) for HAL_GetREVID
    usart.o(.rev16_text) refers (Special) to use_no_semi_2.o(.text) for __use_no_semihosting
    usart.o(.revsh_text) refers (Special) to use_no_semi_2.o(.text) for __use_no_semihosting
    usart.o(.rrx_text) refers (Special) to use_no_semi_2.o(.text) for __use_no_semihosting
[...]
    i.RTC_EnterInitMode                      0x08002734   Section        0  stm32f4xx_hal_rtc.o(i.RTC_EnterInitMode)
    i.RTC_WKUP_IRQHandler                    0x08002774   Section        0  rtc.o(i.RTC_WKUP_IRQHandler)
    i.SVC_Handler                            0x08002784   Section        0  stm32f4xx_it.o(i.SVC_Handler)
    i.SysTick_Handler                        0x08002786   Section        0  stm32f4xx_it.o(i.SysTick_Handler)
    i.SystemInit                             0x08002790   Section        0  system_stm32f4xx.o(i.SystemInit)
    i.TIM4_IRQHandler                        0x080027a4   Section        0  usmart_port.o(i.TIM4_IRQHandler)
    i.TIM_Base_SetConfig                     0x080027e8   Section        0  stm32f4xx_hal_tim.o(i.TIM_Base_SetConfig)
    i.UART_DMAAbortOnError                   0x080028c0   Section        0  stm32f4xx_hal_uart.o(i.UART_DMAAbortOnError)
    UART_DMAAbortOnError                     0x080028c1   Thumb Code    20  stm32f4xx_hal_uart.o(i.UART_DMAAbortOnError)
    i.UART_EndRxTransfer                     0x080028d4   Section        0  stm32f4xx_hal_uart.o(i.UART_EndRxTransfer)
    UART_EndRxTransfer                       0x080028d5   Thumb Code    54  stm32f4xx_hal_uart.o(i.UART_EndRxTransfer)
    i.UART_EndTransmit_IT                    0x0800290a   Section        0  stm32f4xx_hal_uart.o(i.UART_EndTransmit_IT)
    UART_EndTransmit_IT                      0x0800290b   Thumb Code    32  stm32f4xx_hal_uart.o(i.UART_EndTransmit_IT)
    i.UART_Receive_IT                        0x0800292a   Section        0  stm32f4xx_hal_uart.o(i.UART_Receive_IT)
    UART_Receive_IT                          0x0800292b   Thumb Code   190  stm32f4xx_hal_uart.o(i.UART_Receive_IT)
    i.UART_SetConfig                         0x080029e8   Section        0  stm32f4xx_hal_uart.o(i.UART_SetConfig)
    UART_SetConfig                           0x080029e9   Thumb Code   546  stm32f4xx_hal_uart.o(i.UART_SetConfig)
    i.UART_Start_Receive_IT                  0x08002c14   Section        0  stm32f4xx_hal_uart.o(i.UART_Start_Receive_IT)
    i.UART_Transmit_IT                       0x08002c5a   Section        0  stm32f4xx_hal_uart.o(i.UART_Transmit_IT)
    UART_Transmit_IT                         0x08002c5b   Thumb Code    96  stm32f4xx_hal_uart.o(i.UART_Transmit_IT)
    i.USART1_IRQHandler                      0x08002cbc   Section        0  usart.o(i.USART1_IRQHandler)
    i.UsageFault_Handler                     0x08002ccc   Section        0  stm32f4xx_it.o(i.UsageFault_Handler)
    i.__NVIC_GetPriorityGrouping             0x08002cd0   Section        0  stm32f4xx_hal_cortex.o(i.__NVIC_GetPriorityGrouping)
    __NVIC_GetPriorityGrouping               0x08002cd1   Thumb Code    10  stm32f4xx_hal_cortex.o(i.__NVIC_GetPriorityGrouping)
    i.__NVIC_SetPriority                     0x08002ce0   Section        0  stm32f4xx_hal_cortex.o(i.__NVIC_SetPriority)
    __NVIC_SetPriority                       0x08002ce1   Thumb Code    32  stm32f4xx_hal_cortex.o(i.__NVIC_SetPriority)
    i._is_digit                              0x08002d08   Section        0  __printf_wp.o(i._is_digit)
    i._sys_exit                              0x08002d16   Section        0  usart.o(i._sys_exit)
    i.delay_init                             0x08002d1c   Section        0  delay.o(i.delay_init)
    i.delay_ms                               0x08002d28   Section        0  delay.o(i.delay_ms)
    i.delay_us                               0x08002d3c   Section        0  delay.o(i.delay_us)
    i.fputc                                  0x08002d84   Section        0  usart.o(i.fputc)
    i.lcd_clear                              0x08002da0   Section        0  lcd.o(i.lcd_clear)
    i.lcd_display_dir                        0x08002dd4   Section        0  lcd.o(i.lcd_display_dir)
    i.lcd_draw_circle                        0x08002f40   Section        0  lcd.o(i.lcd_draw_circle)
    i.lcd_draw_line                          0x08002fea   Section        0  lcd.o(i.lcd_draw_line)
    i.lcd_draw_point                         0x08003098   Section        0  lcd.o(i.lcd_draw_point)
    i.lcd_draw_rectangle                     0x080030b8   Section        0  lcd.o(i.lcd_draw_rectangle)
    i.lcd_ex_ili9341_reginit                 0x08003102   Section        0  lcd.o(i.lcd_ex_ili9341_reginit)
    i.lcd_ex_ili9806_reginit                 0x0800332e   Section        0  lcd.o(i.lcd_ex_ili9806_reginit)
    i.lcd_ex_nt35310_reginit                 0x0800366e   Section        0  lcd.o(i.lcd_ex_nt35310_reginit)
    i.lcd_ex_nt35510_reginit                 0x08004560   Section        0  lcd.o(i.lcd_ex_nt35510_reginit)
    i.lcd_ex_ssd1963_reginit                 0x0800545c   Section        0  lcd.o(i.lcd_ex_ssd1963_reginit)
    i.lcd_ex_st7789_reginit                  0x080055ca   Section        0  lcd.o(i.lcd_ex_st7789_reginit)
    i.lcd_ex_st7796_reginit                  0x08005772   Section        0  lcd.o(i.lcd_ex_st7796_reginit)
    i.lcd_fill                               0x08005938   Section        0  lcd.o(i.lcd_fill)
    i.lcd_init                               0x0800598c   Section        0  lcd.o(i.lcd_init)
    i.lcd_opt_delay                          0x08005eb4   Section        0  lcd.o(i.lcd_opt_delay)
    lcd_opt_delay                            0x08005eb5   Thumb Code    12  lcd.o(i.lcd_opt_delay)
    i.lcd_pow                                0x08005ec0   Section        0  lcd.o(i.lcd_pow)
    lcd_pow                                  0x08005ec1   Thumb Code    22  lcd.o(i.lcd_pow)
    i.lcd_rd_data                            0x08005ed8   Section        0  lcd.o(i.lcd_rd_data)
    lcd_rd_data                              0x08005ed9   Thumb Code    20  lcd.o(i.lcd_rd_data)
    i.lcd_read_point                         0x08005ef0   Section        0  lcd.o(i.lcd_read_point)
    i.lcd_scan_dir                           0x08005f88   Section        0  lcd.o(i.lcd_scan_dir)
    i.lcd_set_cursor                         0x080061c4   Section        0  lcd.o(i.lcd_set_cursor)
    i.lcd_show_char                          0x080062e4   Section        0  lcd.o(i.lcd_show_char)
    i.lcd_show_num                           0x08006424   Section        0  lcd.o(i.lcd_show_num)
    i.lcd_show_string                        0x080064bc   Section        0  lcd.o(i.lcd_show_string)
    i.lcd_show_xnum                          0x08006526   Section        0  lcd.o(i.lcd_show_xnum)
    i.lcd_ssd_backlight_set                  0x080065ec   Section        0  lcd.o(i.lcd_ssd_backlight_set)
    i.lcd_wr_data                            0x0800664c   Section        0  lcd.o(i.lcd_wr_data)
    i.lcd_wr_regno                           0x08006664   Section        0  lcd.o(i.lcd_wr_regno)
    i.lcd_write_ram_prepare                  0x0800667c   Section        0  lcd.o(i.lcd_write_ram_prepare)
    i.lcd_write_reg                          0x08006690   Section        0  lcd.o(i.lcd_write_reg)
    i.led_init                               0x080066a4   Section        0  led.o(i.led_init)
    i.main                                   0x0800673c   Section        0  main.o(i.main)
    i.read_addr                              0x08006900   Section        0  usmart.o(i.read_addr)
    i.rtc_get_date                           0x08006908   Section        0  rtc.o(i.rtc_get_date)
    i.rtc_get_time                           0x0800693c   Section        0  rtc.o(i.rtc_get_time)
    i.rtc_get_week                           0x08006974   Section        0  rtc.o(i.rtc_get_week)
    i.rtc_init                               0x080069f4   Section        0  rtc.o(i.rtc_init)
    i.rtc_read_bkr                           0x08006a8c   Section        0  rtc.o(i.rtc_read_bkr)
    i.rtc_set_alarma                         0x08006aa4   Section        0  rtc.o(i.rtc_set_alarma)
    i.rtc_set_date                           0x08006afc   Section        0  rtc.o(i.rtc_set_date)
    i.rtc_set_time                           0x08006b28   Section        0  rtc.o(i.rtc_set_time)
    i.rtc_set_wakeup                         0x08006b5c   Section        0  rtc.o(i.rtc_set_wakeup)
    i.rtc_write_bkr                          0x08006b98   Section        0  rtc.o(i.rtc_write_bkr)
    i.sys_stm32_clock_init                   0x08006bb4   Section        0  sys.o(i.sys_stm32_clock_init)
    i.usart_init                             0x08006c90   Section        0  usart.o(i.usart_init)
    i.usmart_cmd_rec                         0x08006cc8   Section        0  usmart.o(i.usmart_cmd_rec)
    i.usmart_exe                             0x08006d78   Section        0  usmart.o(i.usmart_exe)
    i.usmart_get_aparm                       0x0800704c   Section        0  usmart_str.o(i.usmart_get_aparm)
    i.usmart_get_cmdname                     0x08007120   Section        0  usmart_str.o(i.usmart_get_cmdname)
    i.usmart_get_fname                       0x08007158   Section        0  usmart_str.o(i.usmart_get_fname)
    i.usmart_get_fparam                      0x08007318   Section        0  usmart_str.o(i.usmart_get_fparam)
    i.usmart_get_input_string                0x08007424   Section        0  usmart_port.o(i.usmart_get_input_string)
    i.usmart_get_parmpos                     0x0800744c   Section        0  usmart_str.o(i.usmart_get_parmpos)
    i.usmart_init                            0x0800746c   Section        0  usmart.o(i.usmart_init)
    i.usmart_pow                             0x08007494   Section        0  usmart_str.o(i.usmart_pow)
    i.usmart_scan                            0x080074ac   Section        0  usmart.o(i.usmart_scan)
    i.usmart_search_nextc                    0x08007554   Section        0  usmart_str.o(i.usmart_search_nextc)
    i.usmart_str2num                         0x0800756a   Section        0  usmart_str.o(i.usmart_str2num)
    i.usmart_strcmp                          0x08007670   Section        0  usmart_str.o(i.usmart_strcmp)
    i.usmart_strcopy                         0x08007692   Section        0  usmart_str.o(i.usmart_strcopy)
    i.usmart_strlen                          0x080076a8   Section        0  usmart_str.o(i.usmart_strlen)
    i.usmart_sys_cmd_exe                     0x080076c0   Section        0  usmart.o(i.usmart_sys_cmd_exe)
    i.usmart_timx_get_time                   0x08007db4   Section        0  usmart_port.o(i.usmart_timx_get_time)
    i.usmart_timx_init                       0x08007df8   Section        0  usmart_port.o(i.usmart_timx_init)
    i.usmart_timx_reset_time                 0x08007e5c   Section        0  usmart_port.o(i.usmart_timx_reset_time)
    i.write_addr                             0x08007e90   Section        0  usmart.o(i.write_addr)
    x$fpl$dfixu                              0x08007e94   Section       90  dfixu.o(x$fpl$dfixu)
    $v0                                      0x08007e94   Number         0  dfixu.o(x$fpl$dfixu)
    x$fpl$dfltu                              0x08007eee   Section       38  dflt_clz.o(x$fpl$dfltu)
    $v0                                      0x08007eee   Number         0  dflt_clz.o(x$fpl$dfltu)
    x$fpl$dmul                               0x08007f14   Section      340  dmul.o(x$fpl$dmul)
    $v0                                      0x08007f14   Number         0  dmul.o(x$fpl$dmul)
    x$fpl$dnaninf                            0x08008068   Section      156  dnaninf.o(x$fpl$dnaninf)
    $v0                                      0x08008068   Number         0  dnaninf.o(x$fpl$dnaninf)
    x$fpl$dretinf                            0x08008104   Section       12  dretinf.o(x$fpl$dretinf)
    $v0                                      0x08008104   Number         0  dretinf.o(x$fpl$dretinf)
    x$fpl$fpinit                             0x08008110   Section       10  fpinit.o(x$fpl$fpinit)
    $v0                                      0x08008110   Number         0  fpinit.o(x$fpl$fpinit)
    .constdata                               0x0800811a   Section       24  system_stm32f4xx.o(.constdata)
    x$fpl$usenofp                            0x0800811a   Section        0  usenofp.o(x$fpl$usenofp)
    .constdata                               0x08008132   Section    12160  lcd.o(.constdata)
    .constdata                               0x0800b0b2   Section       12  rtc.o(.constdata)
    .constdata                               0x0800b0be   Section       40  _printf_hex_int.o(.constdata)
    uc_hextab                                0x0800b0be   Data          20  _printf_hex_int.o(.constdata)
    lc_hextab                                0x0800b0d2   Data          20  _printf_hex_int.o(.constdata)
    .constdata                               0x0800b0e6   Section       17  __printf_flags_ss_wp.o(.constdata)
    maptable                                 0x0800b0e6   Data          17  __printf_flags_ss_wp.o(.constdata)
    .conststring                             0x0800b0f8   Section       40  usmart.o(.conststring)
    .conststring                             0x0800b120   Section     1432  usmart_config.o(.conststring)
    .data                                    0x20000000   Section        4  system_stm32f4xx.o(.data)
    .data                                    0x20000004   Section        4  delay.o(.data)
    g_fac_us                                 0x20000004   Data           4  delay.o(.data)
    .data                                    0x20000008   Section        7  usart.o(.data)
    .data                                    0x20000010   Section        9  stm32f4xx_hal.o(.data)
    .data                                    0x2000001c   Section        8  lcd.o(.data)
    .data                                    0x20000024   Section       28  usmart.o(.data)
    .data                                    0x20000040   Section      420  usmart_config.o(.data)
    .bss                                     0x200001e4   Section      268  usart.o(.bss)
    .bss                                     0x200002f0   Section       94  lcd.o(.bss)
    .bss                                     0x20000350   Section       32  rtc.o(.bss)
    .bss                                     0x20000370   Section       72  usmart_port.o(.bss)
    .bss                                     0x200003b8   Section       96  libspace.o(.bss)
    HEAP                                     0x20000418   Section        0  startup_stm32f407xx.o(HEAP)
    STACK                                    0x20000418   Section     1024  startup_stm32f407xx.o(STACK)
    Heap_Mem                                 0x20000418   Data           0  startup_stm32f407xx.o(HEAP)
    Stack_Mem                                0x20000418   Data        1024  startup_stm32f407xx.o(STACK)
    __initial_sp                             0x20000818   Data           0  startup_stm32f407xx.o(STACK)

    Global Symbols

    Symbol Name                              Value     Ov Type        Size  Object(Section)

    BuildAttributes$$THM_ISAv4$E$P$D$K$B$S$7EM$VFPi3$EXTD16$VFPS$VFMA$PE$A:L22UL41UL21$X:L11$S22US41US21$IEEE1$IW$USESV6$~STKCKD$USESV7$~SHL$OSPACE$ROPI$EBA8$UX$STANDARDLIB$REQ8$PRES8$EABIv2 0x00000000   Number         0  anon$$obj.o ABSOLUTE
    __ARM_use_no_argv                        0x00000000   Number         0  main.o ABSOLUTE
    _printf_flags                            0x00000000   Number         0  printf_stubs.o ABSOLUTE
    _printf_return_value                     0x00000000   Number         0  printf_stubs.o ABSOLUTE
    _printf_sizespec                         0x00000000   Number         0  printf_stubs.o ABSOLUTE
    _printf_widthprec                        0x00000000   Number         0  printf_stubs.o ABSOLUTE
    __ARM_exceptions_init                     - Undefined Weak Reference
    __alloca_initialize                       - Undefined Weak Reference
    __arm_fini_                               - Undefined Weak Reference
    __arm_preinit_                            - Undefined Weak Reference
    __cpp_initialize__aeabi_                  - Undefined Weak Reference
    __cxa_finalize                            - Undefined Weak Reference
    __rt_locale                               - Undefined Weak Reference
    __sigvec_lookup                           - Undefined Weak Reference
    _atexit_init                              - Undefined Weak Reference
    _call_atexit_fns                          - Undefined Weak Reference
    _clock_init                               - Undefined Weak Reference
    _fp_trap_init                             - Undefined Weak Reference
    _fp_trap_shutdown                         - Undefined Weak Reference
    _get_lc_collate                           - Undefined Weak Reference
    _get_lc_ctype                             - Undefined Weak Reference
    _get_lc_monetary                          - Undefined Weak Reference
    _get_lc_numeric                           - Undefined Weak Reference
    _get_lc_time                              - Undefined Weak Reference
    _getenv_init                              - Undefined Weak Reference
    _handle_redirection                       - Undefined Weak Reference
    _init_alloc                               - Undefined Weak Reference
    _init_user_alloc                          - Undefined Weak Reference
    _initio                                   - Undefined Weak Reference
    _mutex_acquire                            - Undefined Weak Reference
    _mutex_release                            - Undefined Weak Reference
    _printf_mbtowc                            - Undefined Weak Reference
    _printf_truncate_signed                   - Undefined Weak Reference
    _printf_truncate_unsigned                 - Undefined Weak Reference
    _rand_init                                - Undefined Weak Reference
    _signal_finish                            - Undefined Weak Reference
    _signal_init                              - Undefined Weak Reference
    _terminate_alloc                          - Undefined Weak Reference
    _terminate_user_alloc                     - Undefined Weak Reference
    _terminateio                              - Undefined Weak Reference
    __Vectors_Size                           0x00000188   Number         0  startup_stm32f407xx.o ABSOLUTE
    __Vectors                                0x08000000   Data           4  startup_stm32f407xx.o(RESET)
    __Vectors_End                            0x08000188   Data           0  startup_stm32f407xx.o(RESET)
    __main                                   0x08000189   Thumb Code     8  __main.o(!!!main)
    __scatterload                            0x08000191   Thumb Code     0  __scatter.o(!!!scatter)
    __scatterload_rt2                        0x08000191   Thumb Code    44  __scatter.o(!!!scatter)
    __scatterload_rt2_thumb_only             0x08000191   Thumb Code     0  __scatter.o(!!!scatter)
    __scatterload_null                       0x0800019f   Thumb Code     0  __scatter.o(!!!scatter)
    __decompress                             0x080001c5   Thumb Code    90  __dczerorl2.o(!!dczerorl2)
    __decompress1                            0x080001c5   Thumb Code     0  __dczerorl2.o(!!dczerorl2)
    __scatterload_zeroinit                   0x08000221   Thumb Code    28  __scatter_zi.o(!!handler_zi)
    _printf_d                                0x0800023d   Thumb Code     0  _printf_d.o(.ARM.Collect$$_printf_percent$$00000009)
    _printf_percent                          0x0800023d   Thumb Code     0  _printf_percent.o(.ARM.Collect$$_printf_percent$$00000000)
    _printf_u                                0x08000243   Thumb Code     0  _printf_u.o(.ARM.Collect$$_printf_percent$$0000000A)
    _printf_x                                0x08000249   Thumb Code     0  _printf_x.o(.ARM.Collect$$_printf_percent$$0000000C)
    _printf_c                                0x0800024f   Thumb Code     0  _printf_c.o(.ARM.Collect$$_printf_percent$$00000013)
    _printf_s                                0x08000255   Thumb Code     0  _printf_s.o(.ARM.Collect$$_printf_percent$$00000014)
    _printf_percent_end                      0x0800025b   Thumb Code     0  _printf_percent_end.o(.ARM.Collect$$_printf_percent$$00000017)
    __rt_lib_init                            0x0800025f   Thumb Code     0  libinit.o(.ARM.Collect$$libinit$$00000000)
    __rt_lib_init_fp_1                       0x08000261   Thumb Code     0  libinit2.o(.ARM.Collect$$libinit$$00000001)
    __rt_lib_init_alloca_1                   0x08000265   Thumb Code     0  libinit2.o(.ARM.Collect$$libinit$$0000002E)
    __rt_lib_init_argv_1                     0x08000265   Thumb Code     0  libinit2.o(.ARM.Collect$$libinit$$0000002C)
    __rt_lib_init_atexit_1                   0x08000265   Thumb Code     0  libinit2.o(.ARM.Collect$$libinit$$0000001B)
    __rt_lib_init_clock_1                    0x08000265   Thumb Code     0  libinit2.o(.ARM.Collect$$libinit$$00000021)
    __rt_lib_init_cpp_1                      0x08000265   Thumb Code     0  libinit2.o(.ARM.Collect$$libinit$$00000032)
    __rt_lib_init_exceptions_1               0x08000265   Thumb Code     0  libinit2.o(.ARM.Collect$$libinit$$00000030)
    __rt_lib_init_fp_trap_1                  0x08000265   Thumb Code     0  libinit2.o(.ARM.Collect$$libinit$$0000001F)
    __rt_lib_init_getenv_1                   0x08000265   Thumb Code     0  libinit2.o(.ARM.Collect$$libinit$$00000023)
    __rt_lib_init_heap_1                     0x08000265   Thumb Code     0  libinit2.o(.ARM.Collect$$libinit$$0000000A)
    __rt_lib_init_lc_collate_1               0x08000265   Thumb Code     0  libinit2.o(.ARM.Collect$$libinit$$00000011)
    __rt_lib_init_lc_ctype_1                 0x08000265   Thumb Code     0  libinit2.o(.ARM.Collect$$libinit$$00000013)
    __rt_lib_init_lc_monetary_1              0x08000265   Thumb Code     0  libinit2.o(.ARM.Collect$$libinit$$00000015)
    __rt_lib_init_lc_numeric_1               0x08000265   Thumb Code     0  libinit2.o(.ARM.Collect$$libinit$$00000017)
    __rt_lib_init_lc_time_1                  0x08000265   Thumb Code     0  libinit2.o(.ARM.Collect$$libinit$$00000019)
    __rt_lib_init_preinit_1                  0x08000265   Thumb Code     0  libinit2.o(.ARM.Collect$$libinit$$00000004)
    __rt_lib_init_rand_1                     0x08000265   Thumb Code     0  libinit2.o(.ARM.Collect$$libinit$$0000000E)
    __rt_lib_init_return                     0x08000265   Thumb Code     0  libinit2.o(.ARM.Collect$$libinit$$00000033)
    __rt_lib_init_signal_1                   0x08000265   Thumb Code     0  libinit2.o(.ARM.Collect$$libinit$$0000001D)
    __rt_lib_init_stdio_1                    0x08000265   Thumb Code     0  libinit2.o(.ARM.Collect$$libinit$$00000025)
    __rt_lib_init_user_alloc_1               0x08000265   Thumb Code     0  libinit2.o(.ARM.Collect$$libinit$$0000000C)
    __rt_lib_shutdown                        0x08000267   Thumb Code     0  libshutdown.o(.ARM.Collect$$libshutdown$$00000000)
    __rt_lib_shutdown_cpp_1                  0x08000269   Thumb Code     0  libshutdown2.o(.ARM.Collect$$libshutdown$$00000004)
    __rt_lib_shutdown_fini_1                 0x08000269   Thumb Code     0  libshutdown2.o(.ARM.Collect$$libshutdown$$00000002)
    __rt_lib_shutdown_fp_trap_1              0x08000269   Thumb Code     0  libshutdown2.o(.ARM.Collect$$libshutdown$$00000009)
    __rt_lib_shutdown_heap_1                 0x08000269   Thumb Code     0  libshutdown2.o(.ARM.Collect$$libshutdown$$00000011)
    __rt_lib_shutdown_return                 0x08000269   Thumb Code     0  libshutdown2.o(.ARM.Collect$$libshutdown$$00000012)
    __rt_lib_shutdown_signal_1               0x08000269   Thumb Code     0  libshutdown2.o(.ARM.Collect$$libshutdown$$0000000C)
    __rt_lib_shutdown_stdio_1                0x08000269   Thumb Code     0  libshutdown2.o(.ARM.Collect$$libshutdown$$00000006)
    __rt_lib_shutdown_user_alloc_1           0x08000269   Thumb Code     0  libshutdown2.o(.ARM.Collect$$libshutdown$$0000000E)
    __rt_entry                               0x0800026b   Thumb Code     0  __rtentry.o(.ARM.Collect$$rtentry$$00000000)
    __rt_entry_presh_1                       0x0800026b   Thumb Code     0  __rtentry2.o(.ARM.Collect$$rtentry$$00000002)
    __rt_entry_sh                            0x0800026b   Thumb Code     0  __rtentry4.o(.ARM.Collect$$rtentry$$00000004)
    __rt_entry_li                            0x08000271   Thumb Code     0  __rtentry2.o(.ARM.Collect$$rtentry$$0000000A)
    __rt_entry_postsh_1                      0x08000271   Thumb Code     0  __rtentry2.o(.ARM.Collect$$rtentry$$00000009)
    __rt_entry_main                          0x08000275   Thumb Code     0  __rtentry2.o(.ARM.Collect$$rtentry$$0000000D)
    __rt_entry_postli_1                      0x08000275   Thumb Code     0  __rtentry2.o(.ARM.Collect$$rtentry$$0000000C)
    __rt_exit                                0x0800027d   Thumb Code     0  rtexit.o(.ARM.Collect$$rtexit$$00000000)
    __rt_exit_ls                             0x0800027f   Thumb Code     0  rtexit2.o(.ARM.Collect$$rtexit$$00000003)
    __rt_exit_prels_1                        0x0800027f   Thumb Code     0  rtexit2.o(.ARM.Collect$$rtexit$$00000002)
    __rt_exit_exit                           0x08000283   Thumb Code     0  rtexit2.o(.ARM.Collect$$rtexit$$00000004)
    Reset_Handler                            0x08000289   Thumb Code    18  startup_stm32f407xx.o(.text)
    ADC_IRQHandler                           0x080002ad   Thumb Code     0  startup_stm32f407xx.o(.text)
    CAN1_RX0_IRQHandler                      0x080002ad   Thumb Code     0  startup_stm32f407xx.o(.text)
    CAN1_RX1_IRQHandler                      0x080002ad   Thumb Code     0  startup_stm32f407xx.o(.text)
    CAN1_SCE_IRQHandler                      0x080002ad   Thumb Code     0  startup_stm32f407xx.o(.text)
    CAN1_TX_IRQHandler                       0x080002ad   Thumb Code     0  startup_stm32f407xx.o(.text)
    CAN2_RX0_IRQHandler                      0x080002ad   Thumb Code     0  startup_stm32f407xx.o(.text)
    CAN2_RX1_IRQHandler                      0x080002ad   Thumb Code     0  startup_stm32f407xx.o(.text)
    CAN2_SCE_IRQHandler                      0x080002ad   Thumb Code     0  startup_stm32f407xx.o(.text)
    CAN2_TX_IRQHandler                       0x080002ad   Thumb Code     0  startup_stm32f407xx.o(.text)
    DCMI_IRQHandler                          0x080002ad   Thumb Code     0  startup_stm32f407xx.o(.text)
    DMA1_Stream0_IRQHandler                  0x080002ad   Thumb Code     0  startup_stm32f407xx.o(.text)
    DMA1_Stream1_IRQHandler                  0x080002ad   Thumb Code     0  startup_stm32f407xx.o(.text)
    DMA1_Stream2_IRQHandler                  0x080002ad   Thumb Code     0  startup_stm32f407xx.o(.text)
    DMA1_Stream3_IRQHandler                  0x080002ad   Thumb Code     0  startup_stm32f407xx.o(.text)
    DMA1_Stream4_IRQHandler                  0x080002ad   Thumb Code     0  startup_stm32f407xx.o(.text)
    DMA1_Stream5_IRQHandler                  0x080002ad   Thumb Code     0  startup_stm32f407xx.o(.text)
    DMA1_Stream6_IRQHandler                  0x080002ad   Thumb Code     0  startup_stm32f407xx.o(.text)
    DMA1_Stream7_IRQHandler                  0x080002ad   Thumb Code     0  startup_stm32f407xx.o(.text)
    DMA2_Stream0_IRQHandler                  0x080002ad   Thumb Code     0  startup_stm32f407xx.o(.text)
    DMA2_Stream1_IRQHandler                  0x080002ad   Thumb Code     0  startup_stm32f407xx.o(.text)
    DMA2_Stream2_IRQHandler                  0x080002ad   Thumb Code     0  startup_stm32f407xx.o(.text)
    DMA2_Stream3_IRQHandler                  0x080002ad   Thumb Code     0  startup_stm32f407xx.o(.text)
    DMA2_Stream4_IRQHandler                  0x080002ad   Thumb Code     0  startup_stm32f407xx.o(.text)
    DMA2_Stream5_IRQHandler                  0x080002ad   Thumb Code     0  startup_stm32f407xx.o(.text)
    DMA2_Stream6_IRQHandler                  0x080002ad   Thumb Code     0  startup_stm32f407xx.o(.text)
    DMA2_Stream7_IRQHandler                  0x080002ad   Thumb Code     0  startup_stm32f407xx.o(.text)
    ETH_IRQHandler                           0x080002ad   Thumb Code     0  startup_stm32f407xx.o(.text)
    ETH_WKUP_IRQHandler                      0x080002ad   Thumb Code     0  startup_stm32f407xx.o(.text)
    EXTI0_IRQHandler                         0x080002ad   Thumb Code     0  startup_stm32f407xx.o(.text)
    EXTI15_10_IRQHandler                     0x080002ad   Thumb Code     0  startup_stm32f407xx.o(.text)
    EXTI1_IRQHandler                         0x080002ad   Thumb Code     0  startup_stm32f407xx.o(.text)
    EXTI2_IRQHandler                         0x080002ad   Thumb Code     0  startup_stm32f407xx.o(.text)
    EXTI3_IRQHandler                         0x080002ad   Thumb Code     0  startup_stm32f407xx.o(.text)
    EXTI4_IRQHandler                         0x080002ad   Thumb Code     0  startup_stm32f407xx.o(.text)
    EXTI9_5_IRQHandler                       0x080002ad   Thumb Code     0  startup_stm32f407xx.o(.text)
    FLASH_IRQHandler                         0x080002ad   Thumb Code     0  startup_stm32f407xx.o(.text)
    FMC_IRQHandler                           0x080002ad   Thumb Code     0  startup_stm32f407xx.o(.text)
    FPU_IRQHandler                           0x080002ad   Thumb Code     0  startup_stm32f407xx.o(.text)
    HASH_RNG_IRQHandler                      0x080002ad   Thumb Code     0  startup_stm32f407xx.o(.text)
    I2C1_ER_IRQHandler                       0x080002ad   Thumb Code     0  startup_stm32f407xx.o(.text)
    I2C1_EV_IRQHandler                       0x080002ad   Thumb Code     0  startup_stm32f407xx.o(.text)
    I2C2_ER_IRQHandler                       0x080002ad   Thumb Code     0  startup_stm32f407xx.o(.text)
    I2C2_EV_IRQHandler                       0x080002ad   Thumb Code     0  startup_stm32f407xx.o(.text)
    I2C3_ER_IRQHandler                       0x080002ad   Thumb Code     0  startup_stm32f407xx.o(.text)
    I2C3_EV_IRQHandler                       0x080002ad   Thumb Code     0  startup_stm32f407xx.o(.text)
    OTG_FS_IRQHandler                        0x080002ad   Thumb Code     0  startup_stm32f407xx.o(.text)
    OTG_FS_WKUP_IRQHandler                   0x080002ad   Thumb Code     0  startup_stm32f407xx.o(.text)
    OTG_HS_EP1_IN_IRQHandler                 0x080002ad   Thumb Code     0  startup_stm32f407xx.o(.text)
    OTG_HS_EP1_OUT_IRQHandler                0x080002ad   Thumb Code     0  startup_stm32f407xx.o(.text)
    OTG_HS_IRQHandler                        0x080002ad   Thumb Code     0  startup_stm32f407xx.o(.text)
    OTG_HS_WKUP_IRQHandler                   0x080002ad   Thumb Code     0  startup_stm32f407xx.o(.text)
    PVD_IRQHandler                           0x080002ad   Thumb Code     0  startup_stm32f407xx.o(.text)
    RCC_IRQHandler                           0x080002ad   Thumb Code     0  startup_stm32f407xx.o(.text)
    SDIO_IRQHandler                          0x080002ad   Thumb Code     0  startup_stm32f407xx.o(.text)
    SPI1_IRQHandler                          0x080002ad   Thumb Code     0  startup_stm32f407xx.o(.text)
    SPI2_IRQHandler                          0x080002ad   Thumb Code     0  startup_stm32f407xx.o(.text)
    SPI3_IRQHandler                          0x080002ad   Thumb Code     0  startup_stm32f407xx.o(.text)
    TAMP_STAMP_IRQHandler                    0x080002ad   Thumb Code     0  startup_stm32f407xx.o(.text)
    TIM1_BRK_TIM9_IRQHandler                 0x080002ad   Thumb Code     0  startup_stm32f407xx.o(.text)
    TIM1_CC_IRQHandler                       0x080002ad   Thumb Code     0  startup_stm32f407xx.o(.text)
    TIM1_TRG_COM_TIM11_IRQHandler            0x080002ad   Thumb Code     0  startup_stm32f407xx.o(.text)
    TIM1_UP_TIM10_IRQHandler                 0x080002ad   Thumb Code     0  startup_stm32f407xx.o(.text)
    TIM2_IRQHandler                          0x080002ad   Thumb Code     0  startup_stm32f407xx.o(.text)
    TIM3_IRQHandler                          0x080002ad   Thumb Code     0  startup_stm32f407xx.o(.text)
    TIM5_IRQHandler                          0x080002ad   Thumb Code     0  startup_stm32f407xx.o(.text)
    TIM6_DAC_IRQHandler                      0x080002ad   Thumb Code     0  startup_stm32f407xx.o(.text)
    TIM7_IRQHandler                          0x080002ad   Thumb Code     0  startup_stm32f407xx.o(.text)
    TIM8_BRK_TIM12_IRQHandler                0x080002ad   Thumb Code     0  startup_stm32f407xx.o(.text)
    TIM8_CC_IRQHandler                       0x080002ad   Thumb Code     0  startup_stm32f407xx.o(.text)
    TIM8_TRG_COM_TIM14_IRQHandler            0x080002ad   Thumb Code     0  startup_stm32f407xx.o(.text)
    TIM8_UP_TIM13_IRQHandler                 0x080002ad   Thumb Code     0  startup_stm32f407xx.o(.text)
    UART4_IRQHandler                         0x080002ad   Thumb Code     0  startup_stm32f407xx.o(.text)
    UART5_IRQHandler                         0x080002ad   Thumb Code     0  startup_stm32f407xx.o(.text)
    USART2_IRQHandler                        0x080002ad   Thumb Code     0  startup_stm32f407xx.o(.text)
    USART3_IRQHandler                        0x080002ad   Thumb Code     0  startup_stm32f407xx.o(.text)
    USART6_IRQHandler                        0x080002ad   Thumb Code     0  startup_stm32f407xx.o(.text)
    WWDG_IRQHandler                          0x080002ad   Thumb Code     0  startup_stm32f407xx.o(.text)
    __user_initial_stackheap                 0x080002b1   Thumb Code     0  startup_stm32f407xx.o(.text)
    __use_no_semihosting                     0x080002d5   Thumb Code     2  use_no_semi_2.o(.text)
    __aeabi_uldivmod                         0x080002d7   Thumb Code     0  lludivv7m.o(.text)
    _ll_udiv                                 0x080002d7   Thumb Code   238  lludivv7m.o(.text)
    __2printf                                0x080003c5   Thumb Code    20  noretval__2printf.o(.text)
    __2sprintf                               0x080003dd   Thumb Code    34  noretval__2sprintf.o(.text)
    _printf_pre_padding                      0x08000405   Thumb Code    44  _printf_pad.o(.text)
    _printf_post_padding                     0x08000431   Thumb Code    34  _printf_pad.o(.text)
    _printf_str                              0x08000453   Thumb Code    82  _printf_str.o(.text)
    _printf_int_dec                          0x080004a5   Thumb Code   104  _printf_dec.o(.text)
    _printf_int_hex                          0x0800051d   Thumb Code    84  _printf_hex_int.o(.text)
    _printf_longlong_hex                     0x0800051d   Thumb Code     0  _printf_hex_int.o(.text)
    __printf                                 0x08000575   Thumb Code   388  __printf_flags_ss_wp.o(.text)
    __aeabi_memclr4                          0x080006fd   Thumb Code     0  rt_memclr_w.o(.text)
    __aeabi_memclr8                          0x080006fd   Thumb Code     0  rt_memclr_w.o(.text)
    __rt_memclr_w                            0x080006fd   Thumb Code    78  rt_memclr_w.o(.text)
    _memset_w                                0x08000701   Thumb Code     0  rt_memclr_w.o(.text)
    __use_two_region_memory                  0x0800074b   Thumb Code     2  heapauxi.o(.text)
    __rt_heap_escrow$2region                 0x0800074d   Thumb Code     2  heapauxi.o(.text)
    __rt_heap_expand$2region                 0x0800074f   Thumb Code     2  heapauxi.o(.text)
    __semihosting$guard                      0x08000751   Thumb Code     0  use_no_semi.o(.text)
    __use_no_semihosting_swi                 0x08000751   Thumb Code     2  use_no_semi.o(.text)
    _printf_int_common                       0x08000753   Thumb Code   178  _printf_intcommon.o(.text)
    _printf_char_common                      0x0800080f   Thumb Code    32  _printf_char_common.o(.text)
    _sputc                                   0x08000835   Thumb Code    10  _sputc.o(.text)
    _printf_cs_common                        0x0800083f   Thumb Code    20  _printf_char.o(.text)
    _printf_char                             0x08000853   Thumb Code    16  _printf_char.o(.text)
    _printf_string                           0x08000863   Thumb Code     8  _printf_char.o(.text)
    _printf_char_file                        0x0800086d   Thumb Code    32  _printf_char_file.o(.text)
    ferror                                   0x08000891   Thumb Code     8  ferror.o(.text)
    __user_setup_stackheap                   0x08000899   Thumb Code    74  sys_stackheap_outer.o(.text)
    exit                                     0x080008e3   Thumb Code    18  exit.o(.text)
    __user_libspace                          0x080008f5   Thumb Code     8  libspace.o(.text)
    __user_perproc_libspace                  0x080008f5   Thumb Code     0  libspace.o(.text)
    __user_perthread_libspace                0x080008f5   Thumb Code     0  libspace.o(.text)
    BusFault_Handler                         0x080008fd   Thumb Code     4  stm32f4xx_it.o(i.BusFault_Handler)
    DebugMon_Handler                         0x08000901   Thumb Code     2  stm32f4xx_it.o(i.DebugMon_Handler)
    FSMC_NORSRAM_Extended_Timing_Init        0x08000905   Thumb Code    66  stm32f4xx_ll_fsmc.o(i.FSMC_NORSRAM_Extended_Timing_Init)
    FSMC_NORSRAM_Init                        0x0800094d   Thumb Code    88  stm32f4xx_ll_fsmc.o(i.FSMC_NORSRAM_Init)
    FSMC_NORSRAM_Timing_Init                 0x080009a9   Thumb Code    68  stm32f4xx_ll_fsmc.o(i.FSMC_NORSRAM_Timing_Init)
    HAL_DMA_Abort                            0x080009ed   Thumb Code   170  stm32f4xx_hal_dma.o(i.HAL_DMA_Abort)
    HAL_DMA_Abort_IT                         0x08000a97   Thumb Code    40  stm32f4xx_hal_dma.o(i.HAL_DMA_Abort_IT)
    HAL_GPIO_Init                            0x08000ac1   Thumb Code   470  stm32f4xx_hal_gpio.o(i.HAL_GPIO_Init)
    HAL_GPIO_TogglePin                       0x08000cc5   Thumb Code    20  stm32f4xx_hal_gpio.o(i.HAL_GPIO_TogglePin)
    HAL_GPIO_WritePin                        0x08000cd9   Thumb Code    12  stm32f4xx_hal_gpio.o(i.HAL_GPIO_WritePin)
    HAL_GetREVID                             0x08000ce5   Thumb Code     8  stm32f4xx_hal.o(i.HAL_GetREVID)
    HAL_GetTick                              0x08000cf1   Thumb Code     6  stm32f4xx_hal.o(i.HAL_GetTick)
    HAL_IncTick                              0x08000cfd   Thumb Code    16  stm32f4xx_hal.o(i.HAL_IncTick)
    HAL_Init                                 0x08000d15   Thumb Code    44  stm32f4xx_hal.o(i.HAL_Init)
    HAL_InitTick                             0x08000d45   Thumb Code    64  stm32f4xx_hal.o(i.HAL_InitTick)
    HAL_MspInit                              0x08000d91   Thumb Code     2  stm32f4xx_hal.o(i.HAL_MspInit)
    HAL_NVIC_EnableIRQ                       0x08000d93   Thumb Code    32  stm32f4xx_hal_cortex.o(i.HAL_NVIC_EnableIRQ)
    HAL_NVIC_SetPriority                     0x08000db3   Thumb Code   124  stm32f4xx_hal_cortex.o(i.HAL_NVIC_SetPriority)
    HAL_NVIC_SetPriorityGrouping             0x08000e31   Thumb Code    32  stm32f4xx_hal_cortex.o(i.HAL_NVIC_SetPriorityGrouping)
    HAL_PWR_EnableBkUpAccess                 0x08000e59   Thumb Code    18  stm32f4xx_hal_pwr.o(i.HAL_PWR_EnableBkUpAccess)
    HAL_RCCEx_PeriphCLKConfig                0x08000e75   Thumb Code   396  stm32f4xx_hal_rcc_ex.o(i.HAL_RCCEx_PeriphCLKConfig)
    HAL_RCC_ClockConfig                      0x08001015   Thumb Code   368  stm32f4xx_hal_rcc.o(i.HAL_RCC_ClockConfig)
    HAL_RCC_GetHCLKFreq                      0x08001199   Thumb Code     6  stm32f4xx_hal_rcc.o(i.HAL_RCC_GetHCLKFreq)
    HAL_RCC_GetPCLK1Freq                     0x080011a5   Thumb Code    22  stm32f4xx_hal_rcc.o(i.HAL_RCC_GetPCLK1Freq)
    HAL_RCC_GetPCLK2Freq                     0x080011c5   Thumb Code    22  stm32f4xx_hal_rcc.o(i.HAL_RCC_GetPCLK2Freq)
    HAL_RCC_GetSysClockFreq                  0x080011e5   Thumb Code   162  stm32f4xx_hal_rcc.o(i.HAL_RCC_GetSysClockFreq)
    HAL_RCC_OscConfig                        0x08001295   Thumb Code  1172  stm32f4xx_hal_rcc.o(i.HAL_RCC_OscConfig)
    HAL_RTCEx_AlarmBEventCallback            0x08001731   Thumb Code     2  stm32f4xx_hal_rtc_ex.o(i.HAL_RTCEx_AlarmBEventCallback)
    HAL_RTCEx_BKUPRead                       0x08001733   Thumb Code    18  stm32f4xx_hal_rtc_ex.o(i.HAL_RTCEx_BKUPRead)
    HAL_RTCEx_BKUPWrite                      0x08001745   Thumb Code    18  stm32f4xx_hal_rtc_ex.o(i.HAL_RTCEx_BKUPWrite)
    HAL_RTCEx_SetWakeUpTimer_IT              0x08001759   Thumb Code   316  stm32f4xx_hal_rtc_ex.o(i.HAL_RTCEx_SetWakeUpTimer_IT)
    HAL_RTCEx_WakeUpTimerEventCallback       0x0800189d   Thumb Code    20  rtc.o(i.HAL_RTCEx_WakeUpTimerEventCallback)
    HAL_RTCEx_WakeUpTimerIRQHandler          0x080018b5   Thumb Code    50  stm32f4xx_hal_rtc_ex.o(i.HAL_RTCEx_WakeUpTimerIRQHandler)
    HAL_RTC_AlarmAEventCallback              0x080018ed   Thumb Code    12  rtc.o(i.HAL_RTC_AlarmAEventCallback)
    HAL_RTC_AlarmIRQHandler                  0x08001905   Thumb Code   102  stm32f4xx_hal_rtc.o(i.HAL_RTC_AlarmIRQHandler)
    HAL_RTC_GetDate                          0x08001971   Thumb Code    72  stm32f4xx_hal_rtc.o(i.HAL_RTC_GetDate)
    HAL_RTC_GetTime                          0x080019bd   Thumb Code    92  stm32f4xx_hal_rtc.o(i.HAL_RTC_GetTime)
    HAL_RTC_Init                             0x08001a1d   Thumb Code   212  stm32f4xx_hal_rtc.o(i.HAL_RTC_Init)
    HAL_RTC_MspInit                          0x08001af5   Thumb Code   192  rtc.o(i.HAL_RTC_MspInit)
    HAL_RTC_SetAlarm_IT                      0x08001bbd   Thumb Code   512  stm32f4xx_hal_rtc.o(i.HAL_RTC_SetAlarm_IT)
    HAL_RTC_SetDate                          0x08001dc5   Thumb Code   254  stm32f4xx_hal_rtc.o(i.HAL_RTC_SetDate)
    HAL_RTC_SetTime                          0x08001ec9   Thumb Code   296  stm32f4xx_hal_rtc.o(i.HAL_RTC_SetTime)
    HAL_RTC_WaitForSynchro                   0x08001ff5   Thumb Code    58  stm32f4xx_hal_rtc.o(i.HAL_RTC_WaitForSynchro)
    HAL_SRAM_Init                            0x0800202f   Thumb Code    88  stm32f4xx_hal_sram.o(i.HAL_SRAM_Init)
    HAL_SRAM_MspInit                         0x08002089   Thumb Code   152  lcd.o(i.HAL_SRAM_MspInit)
    HAL_SYSTICK_Config                       0x0800212d   Thumb Code    52  stm32f4xx_hal_cortex.o(i.HAL_SYSTICK_Config)
    HAL_TIM_Base_Init                        0x08002161   Thumb Code   102  stm32f4xx_hal_tim.o(i.HAL_TIM_Base_Init)
    HAL_TIM_Base_MspInit                     0x080021c7   Thumb Code     2  stm32f4xx_hal_tim.o(i.HAL_TIM_Base_MspInit)
    HAL_TIM_Base_Start_IT                    0x080021c9   Thumb Code   138  stm32f4xx_hal_tim.o(i.HAL_TIM_Base_Start_IT)
    HAL_UARTEx_RxEventCallback               0x08002271   Thumb Code     2  stm32f4xx_hal_uart.o(i.HAL_UARTEx_RxEventCallback)
    HAL_UART_ErrorCallback                   0x08002273   Thumb Code     2  stm32f4xx_hal_uart.o(i.HAL_UART_ErrorCallback)
    HAL_UART_IRQHandler                      0x08002275   Thumb Code   586  stm32f4xx_hal_uart.o(i.HAL_UART_IRQHandler)
    HAL_UART_Init                            0x080024c5   Thumb Code   114  stm32f4xx_hal_uart.o(i.HAL_UART_Init)
    HAL_UART_MspInit                         0x08002539   Thumb Code   190  usart.o(i.HAL_UART_MspInit)
    HAL_UART_Receive_IT                      0x08002605   Thumb Code    66  stm32f4xx_hal_uart.o(i.HAL_UART_Receive_IT)
    HAL_UART_RxCpltCallback                  0x08002649   Thumb Code   134  usart.o(i.HAL_UART_RxCpltCallback)
    HAL_UART_TxCpltCallback                  0x080026e5   Thumb Code     2  stm32f4xx_hal_uart.o(i.HAL_UART_TxCpltCallback)
    HardFault_Handler                        0x080026e7   Thumb Code     4  stm32f4xx_it.o(i.HardFault_Handler)
    MemManage_Handler                        0x080026eb   Thumb Code     4  stm32f4xx_it.o(i.MemManage_Handler)
    NMI_Handler                              0x080026ef   Thumb Code     2  stm32f4xx_it.o(i.NMI_Handler)
    PendSV_Handler                           0x080026f1   Thumb Code     2  stm32f4xx_it.o(i.PendSV_Handler)
    RTC_Alarm_IRQHandler                     0x080026f5   Thumb Code    10  rtc.o(i.RTC_Alarm_IRQHandler)
    RTC_Bcd2ToByte                           0x08002705   Thumb Code    22  stm32f4xx_hal_rtc.o(i.RTC_Bcd2ToByte)
    RTC_ByteToBcd2                           0x0800271b   Thumb Code    26  stm32f4xx_hal_rtc.o(i.RTC_ByteToBcd2)
    RTC_EnterInitMode                        0x08002735   Thumb Code    62  stm32f4xx_hal_rtc.o(i.RTC_EnterInitMode)
    RTC_WKUP_IRQHandler                      0x08002775   Thumb Code    10  rtc.o(i.RTC_WKUP_IRQHandler)
    SVC_Handler                              0x08002785   Thumb Code     2  stm32f4xx_it.o(i.SVC_Handler)
    SysTick_Handler                          0x08002787   Thumb Code     8  stm32f4xx_it.o(i.SysTick_Handler)
    SystemInit                               0x08002791   Thumb Code    14  system_stm32f4xx.o(i.SystemInit)
    TIM4_IRQHandler                          0x080027a5   Thumb Code    58  usmart_port.o(i.TIM4_IRQHandler)
    TIM_Base_SetConfig                       0x080027e9   Thumb Code   170  stm32f4xx_hal_tim.o(i.TIM_Base_SetConfig)
    UART_Start_Receive_IT                    0x08002c15   Thumb Code    70  stm32f4xx_hal_uart.o(i.UART_Start_Receive_IT)
    USART1_IRQHandler                        0x08002cbd   Thumb Code    10  usart.o(i.USART1_IRQHandler)
    UsageFault_Handler                       0x08002ccd   Thumb Code     4  stm32f4xx_it.o(i.UsageFault_Handler)
    _is_digit                                0x08002d09   Thumb Code    14  __printf_wp.o(i._is_digit)
    _sys_exit                                0x08002d17   Thumb Code     4  usart.o(i._sys_exit)
    delay_init                               0x08002d1d   Thumb Code     6  delay.o(i.delay_init)
    delay_ms                                 0x08002d29   Thumb Code    18  delay.o(i.delay_ms)
    delay_us                                 0x08002d3d   Thumb Code    68  delay.o(i.delay_us)
    fputc                                    0x08002d85   Thumb Code    22  usart.o(i.fputc)
    lcd_clear                                0x08002da1   Thumb Code    42  lcd.o(i.lcd_clear)
    lcd_display_dir                          0x08002dd5   Thumb Code   360  lcd.o(i.lcd_display_dir)
    lcd_draw_circle                          0x08002f41   Thumb Code   170  lcd.o(i.lcd_draw_circle)
    lcd_draw_line                            0x08002feb   Thumb Code   172  lcd.o(i.lcd_draw_line)
    lcd_draw_point                           0x08003099   Thumb Code    26  lcd.o(i.lcd_draw_point)
    lcd_draw_rectangle                       0x080030b9   Thumb Code    74  lcd.o(i.lcd_draw_rectangle)
    lcd_ex_ili9341_reginit                   0x08003103   Thumb Code   556  lcd.o(i.lcd_ex_ili9341_reginit)
    lcd_ex_ili9806_reginit                   0x0800332f   Thumb Code   832  lcd.o(i.lcd_ex_ili9806_reginit)
    lcd_ex_nt35310_reginit                   0x0800366f   Thumb Code  3826  lcd.o(i.lcd_ex_nt35310_reginit)
    lcd_ex_nt35510_reginit                   0x08004561   Thumb Code  3836  lcd.o(i.lcd_ex_nt35510_reginit)
    lcd_ex_ssd1963_reginit                   0x0800545d   Thumb Code   366  lcd.o(i.lcd_ex_ssd1963_reginit)
    lcd_ex_st7789_reginit                    0x080055cb   Thumb Code   424  lcd.o(i.lcd_ex_st7789_reginit)
    lcd_ex_st7796_reginit                    0x08005773   Thumb Code   454  lcd.o(i.lcd_ex_st7796_reginit)
    lcd_fill                                 0x08005939   Thumb Code    80  lcd.o(i.lcd_fill)
    lcd_init                                 0x0800598d   Thumb Code  1308  lcd.o(i.lcd_init)
    lcd_read_point                           0x08005ef1   Thumb Code   148  lcd.o(i.lcd_read_point)
    lcd_scan_dir                             0x08005f89   Thumb Code   568  lcd.o(i.lcd_scan_dir)
    lcd_set_cursor                           0x080061c5   Thumb Code   282  lcd.o(i.lcd_set_cursor)
    lcd_show_char                            0x080062e5   Thumb Code   294  lcd.o(i.lcd_show_char)
    lcd_show_num                             0x08006425   Thumb Code   152  lcd.o(i.lcd_show_num)
    lcd_show_string                          0x080064bd   Thumb Code   106  lcd.o(i.lcd_show_string)
    lcd_show_xnum                            0x08006527   Thumb Code   198  lcd.o(i.lcd_show_xnum)
    lcd_ssd_backlight_set                    0x080065ed   Thumb Code    88  lcd.o(i.lcd_ssd_backlight_set)
    lcd_wr_data                              0x0800664d   Thumb Code    18  lcd.o(i.lcd_wr_data)
    lcd_wr_regno                             0x08006665   Thumb Code    18  lcd.o(i.lcd_wr_regno)
    lcd_write_ram_prepare                    0x0800667d   Thumb Code    10  lcd.o(i.lcd_write_ram_prepare)
    lcd_write_reg                            0x08006691   Thumb Code    14  lcd.o(i.lcd_write_reg)
    led_init                                 0x080066a5   Thumb Code   142  led.o(i.led_init)
    main                                     0x0800673d   Thumb Code   354  main.o(i.main)
    read_addr                                0x08006901   Thumb Code     6  usmart.o(i.read_addr)
    rtc_get_date                             0x08006909   Thumb Code    46  rtc.o(i.rtc_get_date)
    rtc_get_time                             0x0800693d   Thumb Code    50  rtc.o(i.rtc_get_time)
    rtc_get_week                             0x08006975   Thumb Code   122  rtc.o(i.rtc_get_week)
    rtc_init                                 0x080069f5   Thumb Code   136  rtc.o(i.rtc_init)
    rtc_read_bkr                             0x08006a8d   Thumb Code    20  rtc.o(i.rtc_read_bkr)
    rtc_set_alarma                           0x08006aa5   Thumb Code    84  rtc.o(i.rtc_set_alarma)
    rtc_set_date                             0x08006afd   Thumb Code    38  rtc.o(i.rtc_set_date)
    rtc_set_time                             0x08006b29   Thumb Code    48  rtc.o(i.rtc_set_time)
    rtc_set_wakeup                           0x08006b5d   Thumb Code    54  rtc.o(i.rtc_set_wakeup)
    rtc_write_bkr                            0x08006b99   Thumb Code    22  rtc.o(i.rtc_write_bkr)
    sys_stm32_clock_init                     0x08006bb5   Thumb Code   208  sys.o(i.sys_stm32_clock_init)
    usart_init                               0x08006c91   Thumb Code    44  usart.o(i.usart_init)
    usmart_cmd_rec                           0x08006cc9   Thumb Code   170  usmart.o(i.usmart_cmd_rec)
    usmart_exe                               0x08006d79   Thumb Code   632  usmart.o(i.usmart_exe)
    usmart_get_aparm                         0x0800704d   Thumb Code   212  usmart_str.o(i.usmart_get_aparm)
    usmart_get_cmdname                       0x08007121   Thumb Code    54  usmart_str.o(i.usmart_get_cmdname)
    usmart_get_fname                         0x08007159   Thumb Code   440  usmart_str.o(i.usmart_get_fname)
    usmart_get_fparam                        0x08007319   Thumb Code   262  usmart_str.o(i.usmart_get_fparam)
    usmart_get_input_string                  0x08007425   Thumb Code    30  usmart_port.o(i.usmart_get_input_string)
    usmart_get_parmpos                       0x0800744d   Thumb Code    26  usmart_str.o(i.usmart_get_parmpos)
    usmart_init                              0x0800746d   Thumb Code    36  usmart.o(i.usmart_init)
    usmart_pow                               0x08007495   Thumb Code    22  usmart_str.o(i.usmart_pow)
    usmart_scan                              0x080074ad   Thumb Code   106  usmart.o(i.usmart_scan)
    usmart_search_nextc                      0x08007555   Thumb Code    22  usmart_str.o(i.usmart_search_nextc)
    usmart_str2num                           0x0800756b   Thumb Code   262  usmart_str.o(i.usmart_str2num)
    usmart_strcmp                            0x08007671   Thumb Code    34  usmart_str.o(i.usmart_strcmp)
    usmart_strcopy                           0x08007693   Thumb Code    22  usmart_str.o(i.usmart_strcopy)
    usmart_strlen                            0x080076a9   Thumb Code    24  usmart_str.o(i.usmart_strlen)
    usmart_sys_cmd_exe                       0x080076c1   Thumb Code  1570  usmart.o(i.usmart_sys_cmd_exe)
    usmart_timx_get_time                     0x08007db5   Thumb Code    58  usmart_port.o(i.usmart_timx_get_time)
    usmart_timx_init                         0x08007df9   Thumb Code    88  usmart_port.o(i.usmart_timx_init)
    usmart_timx_reset_time                   0x08007e5d   Thumb Code    44  usmart_port.o(i.usmart_timx_reset_time)
    write_addr                               0x08007e91   Thumb Code     4  usmart.o(i.write_addr)
    __aeabi_d2uiz                            0x08007e95   Thumb Code     0  dfixu.o(x$fpl$dfixu)
    _dfixu                                   0x08007e95   Thumb Code    90  dfixu.o(x$fpl$dfixu)
    __aeabi_ui2d                             0x08007eef   Thumb Code     0  dflt_clz.o(x$fpl$dfltu)
    _dfltu                                   0x08007eef   Thumb Code    38  dflt_clz.o(x$fpl$dfltu)
    __aeabi_dmul                             0x08007f15   Thumb Code     0  dmul.o(x$fpl$dmul)
    _dmul                                    0x08007f15   Thumb Code   332  dmul.o(x$fpl$dmul)
    __fpl_dnaninf                            0x08008069   Thumb Code   156  dnaninf.o(x$fpl$dnaninf)
    __fpl_dretinf                            0x08008105   Thumb Code    12  dretinf.o(x$fpl$dretinf)
    _fp_init                                 0x08008111   Thumb Code    10  fpinit.o(x$fpl$fpinit)
    __fplib_config_fpu_vfp                   0x08008119   Thumb Code     0  fpinit.o(x$fpl$fpinit)
    __fplib_config_pureend_doubles           0x08008119   Thumb Code     0  fpinit.o(x$fpl$fpinit)
    AHBPrescTable                            0x0800811a   Data          16  system_stm32f4xx.o(.constdata)
    __I$use$fp                               0x0800811a   Number         0  usenofp.o(x$fpl$usenofp)
    APBPrescTable                            0x0800812a   Data           8  system_stm32f4xx.o(.constdata)
    asc2_1206                                0x08008132   Data        1140  lcd.o(.constdata)
    asc2_1608                                0x080085a6   Data        1520  lcd.o(.constdata)
    asc2_2412                                0x08008b96   Data        3420  lcd.o(.constdata)
    asc2_3216                                0x080098f2   Data        6080  lcd.o(.constdata)
    table_week                               0x0800b0b2   Data          12  rtc.o(.constdata)
    Region$$Table$$Base                      0x0800b6b8   Number         0  anon$$obj.o(Region$$Table)
    Region$$Table$$Limit                     0x0800b6d8   Number         0  anon$$obj.o(Region$$Table)
    SystemCoreClock                          0x20000000   Data           4  system_stm32f4xx.o(.data)
    __stdout                                 0x20000008   Data           4  usart.o(.data)
    g_usart_rx_sta                           0x2000000c   Data           2  usart.o(.data)
    g_rx_buffer                              0x2000000e   Data           1  usart.o(.data)
    uwTick                                   0x20000010   Data           4  stm32f4xx_hal.o(.data)
    uwTickPrio                               0x20000014   Data           4  stm32f4xx_hal.o(.data)
    uwTickFreq                               0x20000018   Data           1  stm32f4xx_hal.o(.data)
    g_point_color                            0x2000001c   Data           4  lcd.o(.data)
    g_back_color                             0x20000020   Data           4  lcd.o(.data)
    sys_cmd_tab                              0x20000024   Data          28  usmart.o(.data)
    usmart_nametab                           0x20000040   Data         176  usmart_config.o(.data)
    usmart_dev                               0x200000f0   Data         244  usmart_config.o(.data)
    g_usart_rx_buf                           0x200001e4   Data         200  usart.o(.bss)
    g_uart1_handle                           0x200002ac   Data          68  usart.o(.bss)
    g_sram_handle                            0x200002f0   Data          80  lcd.o(.bss)
    lcddev                                   0x20000340   Data          14  lcd.o(.bss)
    g_rtc_handle                             0x20000350   Data          32  rtc.o(.bss)
    g_timx_usmart_handle                     0x20000370   Data          72  usmart_port.o(.bss)
    __libspace_start                         0x200003b8   Data          96  libspace.o(.bss)
    __temporary_stack_top$libspace           0x20000418   Data           0  libspace.o(.bss)



==============================================================================

Memory Map of the image

  Image Entry point : 0x08000189

  Load Region LR_IROM1 (Base: 0x08000000, Size: 0x0000b8bc, Max: 0x00100000, ABSOLUTE, COMPRESSED[0x0000b7a4])

    Execution Region ER_IROM1 (Exec base: 0x08000000, Load base: 0x08000000, Size: 0x0000b6d8, Max: 0x00100000, ABSOLUTE)

    Exec Addr    Load Addr    Size         Type   Attr      Idx    E Section Name        Object

    0x08000000   0x08000000   0x00000188   Data   RO            3    RESET               startup_stm32f407xx.o
    0x08000188   0x08000188   0x00000008   Code   RO         4617  * !!!main             c_w.l(__main.o)
    0x08000190   0x08000190   0x00000034   Code   RO         4815    !!!scatter          c_w.l(__scatter.o)
    0x080001c4   0x080001c4   0x0000005a   Code   RO         4813    !!dczerorl2         c_w.l(__dczerorl2.o)
    0x0800021e   0x0800021e   0x00000002   PAD
    0x08000220   0x08000220   0x0000001c   Code   RO         4817    !!handler_zi        c_w.l(__scatter_zi.o)
    0x0800023c   0x0800023c   0x00000000   Code   RO         4612    .ARM.Collect$$_printf_percent$$00000000  c_w.l(_printf_percent.o)
    0x0800023c   0x0800023c   0x00000006   Code   RO         4610    .ARM.Collect$$_printf_percent$$00000009  c_w.l(_printf_d.o)
    0x08000242   0x08000242   0x00000006   Code   RO         4611    .ARM.Collect$$_printf_percent$$0000000A  c_w.l(_printf_u.o)
    0x08000248   0x08000248   0x00000006   Code   RO         4609    .ARM.Collect$$_printf_percent$$0000000C  c_w.l(_printf_x.o)
    0x0800024e   0x0800024e   0x00000006   Code   RO         4607    .ARM.Collect$$_printf_percent$$00000013  c_w.l(_printf_c.o)
    0x08000254   0x08000254   0x00000006   Code   RO         4608    .ARM.Collect$$_printf_percent$$00000014  c_w.l(_printf_s.o)
    0x0800025a   0x0800025a   0x00000004   Code   RO         4648    .ARM.Collect$$_printf_percent$$00000017  c_w.l(_printf_percent_end.o)
    0x0800025e   0x0800025e   0x00000002   Code   RO         4690    .ARM.Collect$$libinit$$00000000  c_w.l(libinit.o)
    0x08000260   0x08000260   0x00000004   Code   RO         4702    .ARM.Collect$$libinit$$00000001  c_w.l(libinit2.o)
    0x08000264   0x08000264   0x00000000   Code   RO         4705    .ARM.Collect$$libinit$$00000004  c_w.l(libinit2.o)
    0x08000264   0x08000264   0x00000000   Code   RO         4708    .ARM.Collect$$libinit$$0000000A  c_w.l(libinit2.o)
    0x08000264   0x08000264   0x00000000   Code   RO         4710    .ARM.Collect$$libinit$$0000000C  c_w.l(libinit2.o)
    0x08000264   0x08000264   0x00000000   Code   RO         4712    .ARM.Collect$$libinit$$0000000E  c_w.l(libinit2.o)
    0x08000264   0x08000264   0x00000000   Code   RO         4715    .ARM.Collect$$libinit$$00000011  c_w.l(libinit2.o)
    0x08000264   0x08000264   0x00000000   Code   RO         4717    .ARM.Collect$$libinit$$00000013  c_w.l(libinit2.o)
    0x08000264   0x08000264   0x00000000   Code   RO         4719    .ARM.Collect$$libinit$$00000015  c_w.l(libinit2.o)
    0x08000264   0x08000264   0x00000000   Code   RO         4721    .ARM.Collect$$libinit$$00000017  c_w.l(libinit2.o)
    0x08000264   0x08000264   0x00000000   Code   RO         4723    .ARM.Collect$$libinit$$00000019  c_w.l(libinit2.o)
    0x08000264   0x08000264   0x00000000   Code   RO         4725    .ARM.Collect$$libinit$$0000001B  c_w.l(libinit2.o)
    0x08000264   0x08000264   0x00000000   Code   RO         4727    .ARM.Collect$$libinit$$0000001D  c_w.l(libinit2.o)
    0x08000264   0x08000264   0x00000000   Code   RO         4729    .ARM.Collect$$libinit$$0000001F  c_w.l(libinit2.o)
    0x08000264   0x08000264   0x00000000   Code   RO         4731    .ARM.Collect$$libinit$$00000021  c_w.l(libinit2.o)
    0x08000264   0x08000264   0x00000000   Code   RO         4733    .ARM.Collect$$libinit$$00000023  c_w.l(libinit2.o)
    0x08000264   0x08000264   0x00000000   Code   RO         4735    .ARM.Collect$$libinit$$00000025  c_w.l(libinit2.o)
    0x08000264   0x08000264   0x00000000   Code   RO         4739    .ARM.Collect$$libinit$$0000002C  c_w.l(libinit2.o)
    0x08000264   0x08000264   0x00000000   Code   RO         4741    .ARM.Collect$$libinit$$0000002E  c_w.l(libinit2.o)
    0x08000264   0x08000264   0x00000000   Code   RO         4743    .ARM.Collect$$libinit$$00000030  c_w.l(libinit2.o)
    0x08000264   0x08000264   0x00000000   Code   RO         4745    .ARM.Collect$$libinit$$00000032  c_w.l(libinit2.o)
    0x08000264   0x08000264   0x00000002   Code   RO         4746    .ARM.Collect$$libinit$$00000033  c_w.l(libinit2.o)
    0x08000266   0x08000266   0x00000002   Code   RO         4770    .ARM.Collect$$libshutdown$$00000000  c_w.l(libshutdown.o)
    0x08000268   0x08000268   0x00000000   Code   RO         4794    .ARM.Collect$$libshutdown$$00000002  c_w.l(libshutdown2.o)
    0x08000268   0x08000268   0x00000000   Code   RO         4796    .ARM.Collect$$libshutdown$$00000004  c_w.l(libshutdown2.o)
    0x08000268   0x08000268   0x00000000   Code   RO         4798    .ARM.Collect$$libshutdown$$00000006  c_w.l(libshutdown2.o)
    0x08000268   0x08000268   0x00000000   Code   RO         4801    .ARM.Collect$$libshutdown$$00000009  c_w.l(libshutdown2.o)
    0x08000268   0x08000268   0x00000000   Code   RO         4804    .ARM.Collect$$libshutdown$$0000000C  c_w.l(libshutdown2.o)
    0x08000268   0x08000268   0x00000000   Code   RO         4806    .ARM.Collect$$libshutdown$$0000000E  c_w.l(libshutdown2.o)
    0x08000268   0x08000268   0x00000000   Code   RO         4809    .ARM.Collect$$libshutdown$$00000011  c_w.l(libshutdown2.o)
    0x08000268   0x08000268   0x00000002   Code   RO         4810    .ARM.Collect$$libshutdown$$00000012  c_w.l(libshutdown2.o)
    0x0800026a   0x0800026a   0x00000000   Code   RO         4633    .ARM.Collect$$rtentry$$00000000  c_w.l(__rtentry.o)
    0x0800026a   0x0800026a   0x00000000   Code   RO         4655    .ARM.Collect$$rtentry$$00000002  c_w.l(__rtentry2.o)
    0x0800026a   0x0800026a   0x00000006   Code   RO         4667    .ARM.Collect$$rtentry$$00000004  c_w.l(__rtentry4.o)
    0x08000270   0x08000270   0x00000000   Code   RO         4657    .ARM.Collect$$rtentry$$00000009  c_w.l(__rtentry2.o)
    0x08000270   0x08000270   0x00000004   Code   RO         4658    .ARM.Collect$$rtentry$$0000000A  c_w.l(__rtentry2.o)
    0x08000274   0x08000274   0x00000000   Code   RO         4660    .ARM.Collect$$rtentry$$0000000C  c_w.l(__rtentry2.o)
    0x08000274   0x08000274   0x00000008   Code   RO         4661    .ARM.Collect$$rtentry$$0000000D  c_w.l(__rtentry2.o)
    0x0800027c   0x0800027c   0x00000002   Code   RO         4694    .ARM.Collect$$rtexit$$00000000  c_w.l(rtexit.o)
    0x0800027e   0x0800027e   0x00000000   Code   RO         4748    .ARM.Collect$$rtexit$$00000002  c_w.l(rtexit2.o)
    0x0800027e   0x0800027e   0x00000004   Code   RO         4749    .ARM.Collect$$rtexit$$00000003  c_w.l(rtexit2.o)
    0x08000282   0x08000282   0x00000006   Code   RO         4750    .ARM.Collect$$rtexit$$00000004  c_w.l(rtexit2.o)
    0x08000288   0x08000288   0x0000004c   Code   RO            4    .text               startup_stm32f407xx.o
    0x080002d4   0x080002d4   0x00000002   Code   RO         4546    .text               c_w.l(use_no_semi_2.o)
    0x080002d6   0x080002d6   0x000000ee   Code   RO         4548    .text               c_w.l(lludivv7m.o)
    0x080003c4   0x080003c4   0x00000018   Code   RO         4554    .text               c_w.l(noretval__2printf.o)
    0x080003dc   0x080003dc   0x00000028   Code   RO         4556    .text               c_w.l(noretval__2sprintf.o)
    0x08000404   0x08000404   0x0000004e   Code   RO         4560    .text               c_w.l(_printf_pad.o)
    0x08000452   0x08000452   0x00000052   Code   RO         4562    .text               c_w.l(_printf_str.o)
    0x080004a4   0x080004a4   0x00000078   Code   RO         4564    .text               c_w.l(_printf_dec.o)
    0x0800051c   0x0800051c   0x00000058   Code   RO         4569    .text               c_w.l(_printf_hex_int.o)
    0x08000574   0x08000574   0x00000188   Code   RO         4604    .text               c_w.l(__printf_flags_ss_wp.o)
    0x080006fc   0x080006fc   0x0000004e   Code   RO         4613    .text               c_w.l(rt_memclr_w.o)
    0x0800074a   0x0800074a   0x00000006   Code   RO         4615    .text               c_w.l(heapauxi.o)
    0x08000750   0x08000750   0x00000002   Code   RO         4631    .text               c_w.l(use_no_semi.o)
    0x08000752   0x08000752   0x000000b2   Code   RO         4638    .text               c_w.l(_printf_intcommon.o)
    0x08000804   0x08000804   0x00000030   Code   RO         4640    .text               c_w.l(_printf_char_common.o)
    0x08000834   0x08000834   0x0000000a   Code   RO         4642    .text               c_w.l(_sputc.o)
    0x0800083e   0x0800083e   0x0000002c   Code   RO         4644    .text               c_w.l(_printf_char.o)
    0x0800086a   0x0800086a   0x00000002   PAD
    0x0800086c   0x0800086c   0x00000024   Code   RO         4646    .text               c_w.l(_printf_char_file.o)
    0x08000890   0x08000890   0x00000008   Code   RO         4673    .text               c_w.l(ferror.o)
    0x08000898   0x08000898   0x0000004a   Code   RO         4677    .text               c_w.l(sys_stackheap_outer.o)
    0x080008e2   0x080008e2   0x00000012   Code   RO         4679    .text               c_w.l(exit.o)
    0x080008f4   0x080008f4   0x00000008   Code   RO         4691    .text               c_w.l(libspace.o)
    0x080008fc   0x080008fc   0x00000004   Code   RO          271    i.BusFault_Handler  stm32f4xx_it.o
    0x08000900   0x08000900   0x00000002   Code   RO          272    i.DebugMon_Handler  stm32f4xx_it.o
    0x08000902   0x08000902   0x00000002   PAD
    0x08000904   0x08000904   0x00000048   Code   RO         3389    i.FSMC_NORSRAM_Extended_Timing_Init  stm32f4xx_ll_fsmc.o
    0x0800094c   0x0800094c   0x0000005c   Code   RO         3390    i.FSMC_NORSRAM_Init  stm32f4xx_ll_fsmc.o
    0x080009a8   0x080009a8   0x00000044   Code   RO         3391    i.FSMC_NORSRAM_Timing_Init  stm32f4xx_ll_fsmc.o
    0x080009ec   0x080009ec   0x000000aa   Code   RO         1104    i.HAL_DMA_Abort     stm32f4xx_hal_dma.o
    0x08000a96   0x08000a96   0x00000028   Code   RO         1105    i.HAL_DMA_Abort_IT  stm32f4xx_hal_dma.o
    0x08000abe   0x08000abe   0x00000002   PAD
    0x08000ac0   0x08000ac0   0x00000204   Code   RO         1210    i.HAL_GPIO_Init     stm32f4xx_hal_gpio.o
    0x08000cc4   0x08000cc4   0x00000014   Code   RO         1213    i.HAL_GPIO_TogglePin  stm32f4xx_hal_gpio.o
    0x08000cd8   0x08000cd8   0x0000000c   Code   RO         1214    i.HAL_GPIO_WritePin  stm32f4xx_hal_gpio.o
    0x08000ce4   0x08000ce4   0x0000000c   Code   RO          787    i.HAL_GetREVID      stm32f4xx_hal.o
    0x08000cf0   0x08000cf0   0x0000000c   Code   RO          788    i.HAL_GetTick       stm32f4xx_hal.o
    0x08000cfc   0x08000cfc   0x00000018   Code   RO          794    i.HAL_IncTick       stm32f4xx_hal.o
    0x08000d14   0x08000d14   0x00000030   Code   RO          795    i.HAL_Init          stm32f4xx_hal.o
    0x08000d44   0x08000d44   0x0000004c   Code   RO          796    i.HAL_InitTick      stm32f4xx_hal.o
    0x08000d90   0x08000d90   0x00000002   Code   RO          798    i.HAL_MspInit       stm32f4xx_hal.o
    0x08000d92   0x08000d92   0x00000020   Code   RO          966    i.HAL_NVIC_EnableIRQ  stm32f4xx_hal_cortex.o
    0x08000db2   0x08000db2   0x0000007c   Code   RO          972    i.HAL_NVIC_SetPriority  stm32f4xx_hal_cortex.o
    0x08000e2e   0x08000e2e   0x00000002   PAD
    0x08000e30   0x08000e30   0x00000028   Code   RO          973    i.HAL_NVIC_SetPriorityGrouping  stm32f4xx_hal_cortex.o
    0x08000e58   0x08000e58   0x0000001c   Code   RO         1702    i.HAL_PWR_EnableBkUpAccess  stm32f4xx_hal_pwr.o
    0x08000e74   0x08000e74   0x000001a0   Code   RO         1379    i.HAL_RCCEx_PeriphCLKConfig  stm32f4xx_hal_rcc_ex.o
    0x08001014   0x08001014   0x00000184   Code   RO         1274    i.HAL_RCC_ClockConfig  stm32f4xx_hal_rcc.o
    0x08001198   0x08001198   0x0000000c   Code   RO         1279    i.HAL_RCC_GetHCLKFreq  stm32f4xx_hal_rcc.o
    0x080011a4   0x080011a4   0x00000020   Code   RO         1281    i.HAL_RCC_GetPCLK1Freq  stm32f4xx_hal_rcc.o
    0x080011c4   0x080011c4   0x00000020   Code   RO         1282    i.HAL_RCC_GetPCLK2Freq  stm32f4xx_hal_rcc.o
    0x080011e4   0x080011e4   0x000000b0   Code   RO         1283    i.HAL_RCC_GetSysClockFreq  stm32f4xx_hal_rcc.o
    0x08001294   0x08001294   0x0000049c   Code   RO         1286    i.HAL_RCC_OscConfig  stm32f4xx_hal_rcc.o
    0x08001730   0x08001730   0x00000002   Code   RO         3507    i.HAL_RTCEx_AlarmBEventCallback  stm32f4xx_hal_rtc_ex.o
    0x08001732   0x08001732   0x00000012   Code   RO         3508    i.HAL_RTCEx_BKUPRead  stm32f4xx_hal_rtc_ex.o
    0x08001744   0x08001744   0x00000012   Code   RO         3509    i.HAL_RTCEx_BKUPWrite  stm32f4xx_hal_rtc_ex.o
    0x08001756   0x08001756   0x00000002   PAD
    0x08001758   0x08001758   0x00000144   Code   RO         3535    i.HAL_RTCEx_SetWakeUpTimer_IT  stm32f4xx_hal_rtc_ex.o
    0x0800189c   0x0800189c   0x00000018   Code   RO         4195    i.HAL_RTCEx_WakeUpTimerEventCallback  rtc.o
    0x080018b4   0x080018b4   0x00000038   Code   RO         3541    i.HAL_RTCEx_WakeUpTimerIRQHandler  stm32f4xx_hal_rtc_ex.o
    0x080018ec   0x080018ec   0x00000018   Code   RO         4196    i.HAL_RTC_AlarmAEventCallback  rtc.o
    0x08001904   0x08001904   0x0000006c   Code   RO         3736    i.HAL_RTC_AlarmIRQHandler  stm32f4xx_hal_rtc.o
    0x08001970   0x08001970   0x0000004c   Code   RO         3745    i.HAL_RTC_GetDate   stm32f4xx_hal_rtc.o
    0x080019bc   0x080019bc   0x00000060   Code   RO         3747    i.HAL_RTC_GetTime   stm32f4xx_hal_rtc.o
    0x08001a1c   0x08001a1c   0x000000d8   Code   RO         3748    i.HAL_RTC_Init      stm32f4xx_hal_rtc.o
    0x08001af4   0x08001af4   0x000000c8   Code   RO         4197    i.HAL_RTC_MspInit   rtc.o
    0x08001bbc   0x08001bbc   0x00000208   Code   RO         3753    i.HAL_RTC_SetAlarm_IT  stm32f4xx_hal_rtc.o
    0x08001dc4   0x08001dc4   0x00000104   Code   RO         3754    i.HAL_RTC_SetDate   stm32f4xx_hal_rtc.o
    0x08001ec8   0x08001ec8   0x0000012c   Code   RO         3755    i.HAL_RTC_SetTime   stm32f4xx_hal_rtc.o
    0x08001ff4   0x08001ff4   0x0000003a   Code   RO         3756    i.HAL_RTC_WaitForSynchro  stm32f4xx_hal_rtc.o
    0x0800202e   0x0800202e   0x00000058   Code   RO         3265    i.HAL_SRAM_Init     stm32f4xx_hal_sram.o
    0x08002086   0x08002086   0x00000002   PAD
    0x08002088   0x08002088   0x000000a4   Code   RO         3930    i.HAL_SRAM_MspInit  lcd.o
    0x0800212c   0x0800212c   0x00000034   Code   RO          977    i.HAL_SYSTICK_Config  stm32f4xx_hal_cortex.o
    0x08002160   0x08002160   0x00000066   Code   RO         2279    i.HAL_TIM_Base_Init  stm32f4xx_hal_tim.o
    0x080021c6   0x080021c6   0x00000002   Code   RO         2281    i.HAL_TIM_Base_MspInit  stm32f4xx_hal_tim.o
    0x080021c8   0x080021c8   0x000000a8   Code   RO         2284    i.HAL_TIM_Base_Start_IT  stm32f4xx_hal_tim.o
    0x08002270   0x08002270   0x00000002   Code   RO         1880    i.HAL_UARTEx_RxEventCallback  stm32f4xx_hal_uart.o
    0x08002272   0x08002272   0x00000002   Code   RO         1894    i.HAL_UART_ErrorCallback  stm32f4xx_hal_uart.o
    0x08002274   0x08002274   0x00000250   Code   RO         1897    i.HAL_UART_IRQHandler  stm32f4xx_hal_uart.o
    0x080024c4   0x080024c4   0x00000072   Code   RO         1898    i.HAL_UART_Init     stm32f4xx_hal_uart.o
    0x08002536   0x08002536   0x00000002   PAD
    0x08002538   0x08002538   0x000000cc   Code   RO          698    i.HAL_UART_MspInit  usart.o
    0x08002604   0x08002604   0x00000042   Code   RO         1903    i.HAL_UART_Receive_IT  stm32f4xx_hal_uart.o
    0x08002646   0x08002646   0x00000002   PAD
    0x08002648   0x08002648   0x0000009c   Code   RO          699    i.HAL_UART_RxCpltCallback  usart.o
    0x080026e4   0x080026e4   0x00000002   Code   RO         1909    i.HAL_UART_TxCpltCallback  stm32f4xx_hal_uart.o
    0x080026e6   0x080026e6   0x00000004   Code   RO          273    i.HardFault_Handler  stm32f4xx_it.o
    0x080026ea   0x080026ea   0x00000004   Code   RO          274    i.MemManage_Handler  stm32f4xx_it.o
    0x080026ee   0x080026ee   0x00000002   Code   RO          275    i.NMI_Handler       stm32f4xx_it.o
    0x080026f0   0x080026f0   0x00000002   Code   RO          276    i.PendSV_Handler    stm32f4xx_it.o
    0x080026f2   0x080026f2   0x00000002   PAD
    0x080026f4   0x080026f4   0x00000010   Code   RO         4198    i.RTC_Alarm_IRQHandler  rtc.o
    0x08002704   0x08002704   0x00000016   Code   RO         3757    i.RTC_Bcd2ToByte    stm32f4xx_hal_rtc.o
    0x0800271a   0x0800271a   0x0000001a   Code   RO         3758    i.RTC_ByteToBcd2    stm32f4xx_hal_rtc.o
    0x08002734   0x08002734   0x0000003e   Code   RO         3759    i.RTC_EnterInitMode  stm32f4xx_hal_rtc.o
    0x08002772   0x08002772   0x00000002   PAD
    0x08002774   0x08002774   0x00000010   Code   RO         4199    i.RTC_WKUP_IRQHandler  rtc.o
    0x08002784   0x08002784   0x00000002   Code   RO          277    i.SVC_Handler       stm32f4xx_it.o
    0x08002786   0x08002786   0x00000008   Code   RO          278    i.SysTick_Handler   stm32f4xx_it.o
    0x0800278e   0x0800278e   0x00000002   PAD
    0x08002790   0x08002790   0x00000014   Code   RO          539    i.SystemInit        system_stm32f4xx.o
    0x080027a4   0x080027a4   0x00000044   Code   RO         4412    i.TIM4_IRQHandler   usmart_port.o
    0x080027e8   0x080027e8   0x000000d8   Code   RO         2372    i.TIM_Base_SetConfig  stm32f4xx_hal_tim.o
    0x080028c0   0x080028c0   0x00000014   Code   RO         1911    i.UART_DMAAbortOnError  stm32f4xx_hal_uart.o
    0x080028d4   0x080028d4   0x00000036   Code   RO         1921    i.UART_EndRxTransfer  stm32f4xx_hal_uart.o
    0x0800290a   0x0800290a   0x00000020   Code   RO         1922    i.UART_EndTransmit_IT  stm32f4xx_hal_uart.o
    0x0800292a   0x0800292a   0x000000be   Code   RO         1924    i.UART_Receive_IT   stm32f4xx_hal_uart.o
    0x080029e8   0x080029e8   0x0000022c   Code   RO         1925    i.UART_SetConfig    stm32f4xx_hal_uart.o
    0x08002c14   0x08002c14   0x00000046   Code   RO         1927    i.UART_Start_Receive_IT  stm32f4xx_hal_uart.o
    0x08002c5a   0x08002c5a   0x00000060   Code   RO         1928    i.UART_Transmit_IT  stm32f4xx_hal_uart.o
    0x08002cba   0x08002cba   0x00000002   PAD
    0x08002cbc   0x08002cbc   0x00000010   Code   RO          700    i.USART1_IRQHandler  usart.o
    0x08002ccc   0x08002ccc   0x00000004   Code   RO          279    i.UsageFault_Handler  stm32f4xx_it.o
    0x08002cd0   0x08002cd0   0x00000010   Code   RO          979    i.__NVIC_GetPriorityGrouping  stm32f4xx_hal_cortex.o
    0x08002ce0   0x08002ce0   0x00000028   Code   RO          980    i.__NVIC_SetPriority  stm32f4xx_hal_cortex.o
    0x08002d08   0x08002d08   0x0000000e   Code   RO         4597    i._is_digit         c_w.l(__printf_wp.o)
    0x08002d16   0x08002d16   0x00000004   Code   RO          702    i._sys_exit         usart.o
    0x08002d1a   0x08002d1a   0x00000002   PAD
    0x08002d1c   0x08002d1c   0x0000000c   Code   RO          576    i.delay_init        delay.o
    0x08002d28   0x08002d28   0x00000012   Code   RO          577    i.delay_ms          delay.o
    0x08002d3a   0x08002d3a   0x00000002   PAD
    0x08002d3c   0x08002d3c   0x00000048   Code   RO          578    i.delay_us          delay.o
    0x08002d84   0x08002d84   0x0000001c   Code   RO          704    i.fputc             usart.o
    0x08002da0   0x08002da0   0x00000034   Code   RO         3931    i.lcd_clear         lcd.o
    0x08002dd4   0x08002dd4   0x0000016c   Code   RO         3933    i.lcd_display_dir   lcd.o
    0x08002f40   0x08002f40   0x000000aa   Code   RO         3936    i.lcd_draw_circle   lcd.o
    0x08002fea   0x08002fea   0x000000ac   Code   RO         3938    i.lcd_draw_line     lcd.o
    0x08003096   0x08003096   0x00000002   PAD
    0x08003098   0x08003098   0x00000020   Code   RO         3939    i.lcd_draw_point    lcd.o
    0x080030b8   0x080030b8   0x0000004a   Code   RO         3940    i.lcd_draw_rectangle  lcd.o
    0x08003102   0x08003102   0x0000022c   Code   RO         3941    i.lcd_ex_ili9341_reginit  lcd.o
    0x0800332e   0x0800332e   0x00000340   Code   RO         3942    i.lcd_ex_ili9806_reginit  lcd.o
    0x0800366e   0x0800366e   0x00000ef2   Code   RO         3943    i.lcd_ex_nt35310_reginit  lcd.o
    0x08004560   0x08004560   0x00000efc   Code   RO         3944    i.lcd_ex_nt35510_reginit  lcd.o
    0x0800545c   0x0800545c   0x0000016e   Code   RO         3945    i.lcd_ex_ssd1963_reginit  lcd.o
    0x080055ca   0x080055ca   0x000001a8   Code   RO         3946    i.lcd_ex_st7789_reginit  lcd.o
    0x08005772   0x08005772   0x000001c6   Code   RO         3947    i.lcd_ex_st7796_reginit  lcd.o
    0x08005938   0x08005938   0x00000054   Code   RO         3948    i.lcd_fill          lcd.o
    0x0800598c   0x0800598c   0x00000528   Code   RO         3950    i.lcd_init          lcd.o
    0x08005eb4   0x08005eb4   0x0000000c   Code   RO         3951    i.lcd_opt_delay     lcd.o
    0x08005ec0   0x08005ec0   0x00000016   Code   RO         3952    i.lcd_pow           lcd.o
    0x08005ed6   0x08005ed6   0x00000002   PAD
    0x08005ed8   0x08005ed8   0x00000018   Code   RO         3953    i.lcd_rd_data       lcd.o
    0x08005ef0   0x08005ef0   0x00000098   Code   RO         3954    i.lcd_read_point    lcd.o
    0x08005f88   0x08005f88   0x0000023c   Code   RO         3955    i.lcd_scan_dir      lcd.o
    0x080061c4   0x080061c4   0x00000120   Code   RO         3956    i.lcd_set_cursor    lcd.o
    0x080062e4   0x080062e4   0x00000140   Code   RO         3958    i.lcd_show_char     lcd.o
    0x08006424   0x08006424   0x00000098   Code   RO         3959    i.lcd_show_num      lcd.o
    0x080064bc   0x080064bc   0x0000006a   Code   RO         3960    i.lcd_show_string   lcd.o
    0x08006526   0x08006526   0x000000c6   Code   RO         3961    i.lcd_show_xnum     lcd.o
    0x080065ec   0x080065ec   0x00000060   Code   RO         3962    i.lcd_ssd_backlight_set  lcd.o
    0x0800664c   0x0800664c   0x00000018   Code   RO         3963    i.lcd_wr_data       lcd.o
    0x08006664   0x08006664   0x00000018   Code   RO         3964    i.lcd_wr_regno      lcd.o
    0x0800667c   0x0800667c   0x00000014   Code   RO         3965    i.lcd_write_ram_prepare  lcd.o
    0x08006690   0x08006690   0x00000014   Code   RO         3966    i.lcd_write_reg     lcd.o
    0x080066a4   0x080066a4   0x00000098   Code   RO         3903    i.led_init          led.o
    0x0800673c   0x0800673c   0x000001c4   Code   RO           13    i.main              main.o
    0x08006900   0x08006900   0x00000006   Code   RO         4310    i.read_addr         usmart.o
    0x08006906   0x08006906   0x00000002   PAD
    0x08006908   0x08006908   0x00000034   Code   RO         4200    i.rtc_get_date      rtc.o
    0x0800693c   0x0800693c   0x00000038   Code   RO         4201    i.rtc_get_time      rtc.o
    0x08006974   0x08006974   0x00000080   Code   RO         4202    i.rtc_get_week      rtc.o
    0x080069f4   0x080069f4   0x00000098   Code   RO         4203    i.rtc_init          rtc.o
    0x08006a8c   0x08006a8c   0x00000018   Code   RO         4204    i.rtc_read_bkr      rtc.o
    0x08006aa4   0x08006aa4   0x00000058   Code   RO         4205    i.rtc_set_alarma    rtc.o
    0x08006afc   0x08006afc   0x0000002c   Code   RO         4206    i.rtc_set_date      rtc.o
    0x08006b28   0x08006b28   0x00000034   Code   RO         4207    i.rtc_set_time      rtc.o
    0x08006b5c   0x08006b5c   0x0000003c   Code   RO         4208    i.rtc_set_wakeup    rtc.o
    0x08006b98   0x08006b98   0x0000001c   Code   RO         4209    i.rtc_write_bkr     rtc.o
    0x08006bb4   0x08006bb4   0x000000dc   Code   RO          631    i.sys_stm32_clock_init  sys.o
    0x08006c90   0x08006c90   0x00000038   Code   RO          705    i.usart_init        usart.o
    0x08006cc8   0x08006cc8   0x000000b0   Code   RO         4311    i.usmart_cmd_rec    usmart.o
    0x08006d78   0x08006d78   0x000002d4   Code   RO         4312    i.usmart_exe        usmart.o
    0x0800704c   0x0800704c   0x000000d4   Code   RO         4463    i.usmart_get_aparm  usmart_str.o
    0x08007120   0x08007120   0x00000036   Code   RO         4464    i.usmart_get_cmdname  usmart_str.o
    0x08007156   0x08007156   0x00000002   PAD
    0x08007158   0x08007158   0x000001c0   Code   RO         4465    i.usmart_get_fname  usmart_str.o
    0x08007318   0x08007318   0x0000010c   Code   RO         4466    i.usmart_get_fparam  usmart_str.o
    0x08007424   0x08007424   0x00000028   Code   RO         4413    i.usmart_get_input_string  usmart_port.o
    0x0800744c   0x0800744c   0x00000020   Code   RO         4467    i.usmart_get_parmpos  usmart_str.o
    0x0800746c   0x0800746c   0x00000028   Code   RO         4313    i.usmart_init       usmart.o
    0x08007494   0x08007494   0x00000016   Code   RO         4468    i.usmart_pow        usmart_str.o
    0x080074aa   0x080074aa   0x00000002   PAD
    0x080074ac   0x080074ac   0x000000a8   Code   RO         4314    i.usmart_scan       usmart.o
    0x08007554   0x08007554   0x00000016   Code   RO         4469    i.usmart_search_nextc  usmart_str.o
    0x0800756a   0x0800756a   0x00000106   Code   RO         4470    i.usmart_str2num    usmart_str.o
    0x08007670   0x08007670   0x00000022   Code   RO         4471    i.usmart_strcmp     usmart_str.o
    0x08007692   0x08007692   0x00000016   Code   RO         4472    i.usmart_strcopy    usmart_str.o
    0x080076a8   0x080076a8   0x00000018   Code   RO         4473    i.usmart_strlen     usmart_str.o
    0x080076c0   0x080076c0   0x000006f4   Code   RO         4315    i.usmart_sys_cmd_exe  usmart.o
    0x08007db4   0x08007db4   0x00000044   Code   RO         4414    i.usmart_timx_get_time  usmart_port.o
    0x08007df8   0x08007df8   0x00000064   Code   RO         4415    i.usmart_timx_init  usmart_port.o
    0x08007e5c   0x08007e5c   0x00000034   Code   RO         4416    i.usmart_timx_reset_time  usmart_port.o
    0x08007e90   0x08007e90   0x00000004   Code   RO         4316    i.write_addr        usmart.o
    0x08007e94   0x08007e94   0x0000005a   Code   RO         4619    x$fpl$dfixu         fz_wm.l(dfixu.o)
    0x08007eee   0x08007eee   0x00000026   Code   RO         4623    x$fpl$dfltu         fz_wm.l(dflt_clz.o)
    0x08007f14   0x08007f14   0x00000154   Code   RO         4629    x$fpl$dmul          fz_wm.l(dmul.o)
    0x08008068   0x08008068   0x0000009c   Code   RO         4649    x$fpl$dnaninf       fz_wm.l(dnaninf.o)
    0x08008104   0x08008104   0x0000000c   Code   RO         4651    x$fpl$dretinf       fz_wm.l(dretinf.o)
    0x08008110   0x08008110   0x0000000a   Code   RO         4760    x$fpl$fpinit        fz_wm.l(fpinit.o)
    0x0800811a   0x0800811a   0x00000000   Code   RO         4653    x$fpl$usenofp       fz_wm.l(usenofp.o)
    0x0800811a   0x0800811a   0x00000018   Data   RO          540    .constdata          system_stm32f4xx.o
    0x08008132   0x08008132   0x00002f80   Data   RO         3968    .constdata          lcd.o
    0x0800b0b2   0x0800b0b2   0x0000000c   Data   RO         4211    .constdata          rtc.o
    0x0800b0be   0x0800b0be   0x00000028   Data   RO         4570    .constdata          c_w.l(_printf_hex_int.o)
    0x0800b0e6   0x0800b0e6   0x00000011   Data   RO         4605    .constdata          c_w.l(__printf_flags_ss_wp.o)
    0x0800b0f7   0x0800b0f7   0x00000001   PAD
    0x0800b0f8   0x0800b0f8   0x00000028   Data   RO         4317    .conststring        usmart.o
    0x0800b120   0x0800b120   0x00000598   Data   RO         4384    .conststring        usmart_config.o
    0x0800b6b8   0x0800b6b8   0x00000020   Data   RO         4811    Region$$Table       anon$$obj.o


    Execution Region RW_IRAM1 (Exec base: 0x20000000, Load base: 0x0800b6d8, Size: 0x00000818, Max: 0x00020000, ABSOLUTE, COMPRESSED[0x000000cc])

    Exec Addr    Load Addr    Size         Type   Attr      Idx    E Section Name        Object

    0x20000000   COMPRESSED   0x00000004   Data   RW          541    .data               system_stm32f4xx.o
    0x20000004   COMPRESSED   0x00000004   Data   RW          579    .data               delay.o
    0x20000008   COMPRESSED   0x00000007   Data   RW          707    .data               usart.o
    0x2000000f   COMPRESSED   0x00000001   PAD
    0x20000010   COMPRESSED   0x00000009   Data   RW          802    .data               stm32f4xx_hal.o
    0x20000019   COMPRESSED   0x00000003   PAD
    0x2000001c   COMPRESSED   0x00000008   Data   RW         3969    .data               lcd.o
    0x20000024   COMPRESSED   0x0000001c   Data   RW         4318    .data               usmart.o
    0x20000040   COMPRESSED   0x000001a4   Data   RW         4385    .data               usmart_config.o
    0x200001e4        -       0x0000010c   Zero   RW          706    .bss                usart.o
    0x200002f0        -       0x0000005e   Zero   RW         3967    .bss                lcd.o
    0x2000034e   COMPRESSED   0x00000002   PAD
    0x20000350        -       0x00000020   Zero   RW         4210    .bss                rtc.o
    0x20000370        -       0x00000048   Zero   RW         4417    .bss                usmart_port.o
    0x200003b8        -       0x00000060   Zero   RW         4692    .bss                c_w.l(libspace.o)
    0x20000418        -       0x00000000   Zero   RW            2    HEAP                startup_stm32f407xx.o
    0x20000418        -       0x00000400   Zero   RW            1    STACK               startup_stm32f407xx.o


==============================================================================

Image component sizes


      Code (inc. data)   RO Data    RW Data    ZI Data      Debug   Object Name

       102         10          0          4          0       2027   delay.o
     14756        190      12160          8         94      32145   lcd.o
       152         10          0          0          0        983   led.o
       452         98          0          0          0     652859   main.o
       964        100         12          0         32      10991   rtc.o
        76         28        392          0       1024       1008   startup_stm32f407xx.o
       174         34          0          9          0      10054   stm32f4xx_hal.o
       304         22          0          0          0      34671   stm32f4xx_hal_cortex.o
       210          0          0          0          0       2047   stm32f4xx_hal_dma.o
       548         46          0          0          0       2877   stm32f4xx_hal_gpio.o
        28         10          0          0          0       1135   stm32f4xx_hal_pwr.o
      1820         84          0          0          0       5824   stm32f4xx_hal_rcc.o
       416         20          0          0          0       1460   stm32f4xx_hal_rcc_ex.o
      1744         36          0          0          0       9442   stm32f4xx_hal_rtc.o
       418         14          0          0          0       4127   stm32f4xx_hal_rtc_ex.o
        88          0          0          0          0       1268   stm32f4xx_hal_sram.o
       488         76          0          0          0       3400   stm32f4xx_hal_tim.o
      1796         16          0          0          0      10200   stm32f4xx_hal_uart.o
        32          0          0          0          0     705678   stm32f4xx_it.o
       232         10          0          0          0       2839   stm32f4xx_ll_fsmc.o
       220         12          0          0          0       1395   sys.o
        20          6         24          4          0       1423   system_stm32f4xx.o
       464         60          0          7        268       5801   usart.o
      2898       1308         40         28          0       6194   usmart.o
         0          0       1432        420          0       1616   usmart_config.o
       328         50          0          0         72       3646   usmart_port.o
      1400         20          0          0          0       9685   usmart_str.o

    ----------------------------------------------------------------------
     30166       2260      14092        484       1492    1524795   Object Totals
         0          0         32          0          0          0   (incl. Generated)
        36          0          0          4          2          0   (incl. Padding)

    ----------------------------------------------------------------------

      Code (inc. data)   RO Data    RW Data    ZI Data      Debug   Library Member Name

        90          0          0          0          0          0   __dczerorl2.o
         8          0          0          0          0         68   __main.o
       392          4         17          0          0         92   __printf_flags_ss_wp.o
        14          0          0          0          0         68   __printf_wp.o
         0          0          0          0          0          0   __rtentry.o
        12          0          0          0          0          0   __rtentry2.o
         6          0          0          0          0          0   __rtentry4.o
        52          8          0          0          0          0   __scatter.o
        28          0          0          0          0          0   __scatter_zi.o
         6          0          0          0          0          0   _printf_c.o
        44          0          0          0          0        108   _printf_char.o
        48          6          0          0          0         96   _printf_char_common.o
        36          4          0          0          0         80   _printf_char_file.o
         6          0          0          0          0          0   _printf_d.o
       120         16          0          0          0         92   _printf_dec.o
        88          4         40          0          0         88   _printf_hex_int.o
       178          0          0          0          0         88   _printf_intcommon.o
        78          0          0          0          0        108   _printf_pad.o
         0          0          0          0          0          0   _printf_percent.o
         4          0          0          0          0          0   _printf_percent_end.o
         6          0          0          0          0          0   _printf_s.o
        82          0          0          0          0         80   _printf_str.o
         6          0          0          0          0          0   _printf_u.o
         6          0          0          0          0          0   _printf_x.o
        10          0          0          0          0         68   _sputc.o
        18          0          0          0          0         80   exit.o
         8          0          0          0          0         68   ferror.o
         6          0          0          0          0        152   heapauxi.o
         2          0          0          0          0          0   libinit.o
         6          0          0          0          0          0   libinit2.o
         2          0          0          0          0          0   libshutdown.o
         2          0          0          0          0          0   libshutdown2.o
         8          4          0          0         96         68   libspace.o
       238          0          0          0          0        100   lludivv7m.o
        24          4          0          0          0         84   noretval__2printf.o
        40          6          0          0          0         84   noretval__2sprintf.o
        78          0          0          0          0         80   rt_memclr_w.o
         2          0          0          0          0          0   rtexit.o
        10          0          0          0          0          0   rtexit2.o
        74          0          0          0          0         80   sys_stackheap_outer.o
         2          0          0          0          0         68   use_no_semi.o
         2          0          0          0          0         68   use_no_semi_2.o
        90          4          0          0          0        140   dfixu.o
        38          0          0          0          0        116   dflt_clz.o
       340         12          0          0          0        152   dmul.o
       156          4          0          0          0        140   dnaninf.o
        12          0          0          0          0        116   dretinf.o
        10          0          0          0          0        116   fpinit.o
         0          0          0          0          0          0   usenofp.o

    ----------------------------------------------------------------------
      2492         76         58          0         96       2748   Library Totals
         4          0          1          0          0          0   (incl. Padding)

    ----------------------------------------------------------------------

      Code (inc. data)   RO Data    RW Data    ZI Data      Debug   Library Name

      1842         56         57          0         96       1968   c_w.l
       646         20          0          0          0        780   fz_wm.l

    ----------------------------------------------------------------------
      2492         76         58          0         96       2748   Library Totals

    ----------------------------------------------------------------------

==============================================================================


      Code (inc. data)   RO Data    RW Data    ZI Data      Debug   

     32658       2336      14150        484       1588    1511455   Grand Totals
     32658       2336      14150        204       1588    1511455   ELF Image Totals (compressed)
     32658       2336      14150        204          0          0   ROM Totals

==============================================================================

    Total RO  Size (Code + RO Data)                46808 (  45.71kB)
    Total RW  Size (RW Data + ZI Data)              2072 (   2.02kB)
    Total ROM Size (Code + RO Data + RW Data)      47012 (  45.91kB)

==============================================================================

